---
source: crates/tui/src/ui/tests.rs
expression: "format!(\"{}\\n{}\", last(&filtering), last(&confirming))"
---
" / milk█  Ctrl-s By meaning                                                                                   "
" Delete "Call Sam"?  y Delete  n Keep                                                                         "
