---
source: crates/tui/src/ui/tests.rs
expression: screen
---
" ms-todo 9.9.9 · Home                                                                                ● synced "
"╭ Lists ───────────────╮╭ Home ────────────────────────────────────────────╮╭ Detail ────────────────────────╮"
"│☼ My Day              ││○ Pay rent                         Oct 1 ★ ↻      ││Title      Pay rent             │"
"│» Next               ╭ Add task → Tasks ──────────────────────────────────────────────╮                     │"
"│★ Important          │ > Pay rent every 1st #Tasks p1 9am @bills +myday█              │open                 │"
"│▦ Planned            │ → Tasks · p1 · due Thu 1 Oct · every month on the 1st · remind │Home                 │"
"│∞ All                │ 09:00 · @bills · My Day                                        │Thu 1 Oct 2026       │"
"│◔ Assigned           │                                                                │none                 │"
"│⧖ Upcoming           │ Enter add · Tab complete · Ctrl-r literal · Esc cancel         │none                 │"
"│… Someday            ╰────────────────────────────────────────────────────────────────╯high                 │"
"│✓ Completed          1││                                                  ││Assignee   none                 │"
"│≡ Tasks               ││                                                  ││Defer      none                 │"
"│≡ Home               3││                                                  ││Repeat     monthly on day 1     │"
"╰──────────────────────╯╰──────────────────────────────────────────────────╯╰────────────────────────────────╯"
" ● daemon  ·  synced 12s ago  ·  all changes sent                                                             "
" Enter Add  Tab Complete  Ctrl-r Literal  Esc Cancel                                                          "
