---
source: crates/tui/src/ui/tests.rs
expression: render_styled(&app)
---
Buffer {
    area: Rect { x: 0, y: 0, width: 110, height: 16 },
    content: [
        " ms-todo 9.9.9 · Home                                                                                ● synced ",
        "╭ Lists ───────────────╮╭ Home ────────────────────────────────────────────╮╭ Detail ────────────────────────╮",
        "│☼ My Day              ││○ Pay rent                         Oct 1 ★ ↻      ││Title      Pay rent             │",
        "│★ Important          ╭ Add task → Tasks ──────────────────────────────────────────────╮                     │",
        "│▦ Planned            │ > Pay rent every 1st #Tasks p1 9am @bills +myday█              │open                 │",
        "│∞ All                │ → Tasks · p1 · due Thu 1 Oct · every month on the 1st · remind │Home                 │",
        "│✓ Completed          │ 09:00 · @bills · My Day                                        │Thu 1 Oct 2026       │",
        "│≡ Tasks              │                                                                │none                 │",
        "│≡ Home               │ Enter add · Tab complete · Ctrl-r literal · Esc cancel         │high                 │",
        "│                     ╰────────────────────────────────────────────────────────────────╯monthly on day 1     │",
        "│                      ││                                                  ││Steps      none                 │",
        "│                      ││                                                  ││Link       none                 │",
        "│                      ││                                                  ││Sync       synced               │",
        "╰──────────────────────╯╰──────────────────────────────────────────────────╯╰────────────────────────────────╯",
        " ● daemon  ·  synced 12s ago  ·  all changes sent                                                             ",
        " Enter Add  Tab Complete  Ctrl-r Literal  Esc Cancel                                                          ",
    ],
    styles: [
        x: 0, y: 0, fg: Rgb(180, 190, 254), bg: Rgb(24, 24, 37), underline: Reset, modifier: BOLD | DIM,
        x: 8, y: 0, fg: Rgb(166, 173, 200), bg: Rgb(24, 24, 37), underline: Reset, modifier: DIM,
        x: 21, y: 0, fg: Rgb(205, 214, 244), bg: Rgb(24, 24, 37), underline: Reset, modifier: DIM,
        x: 101, y: 0, fg: Rgb(166, 173, 200), bg: Rgb(24, 24, 37), underline: Reset, modifier: DIM,
        x: 0, y: 1, fg: Rgb(69, 71, 90), bg: Rgb(30, 30, 46), underline: Reset, modifier: DIM,
        x: 1, y: 1, fg: Rgb(166, 173, 200), bg: Rgb(30, 30, 46), underline: Reset, modifier: BOLD | DIM,
        x: 8, y: 1, fg: Rgb(69, 71, 90), bg: Rgb(30, 30, 46), underline: Reset, modifier: DIM,
        x: 25, y: 1, fg: Rgb(166, 173, 200), bg: Rgb(30, 30, 46), underline: Reset, modifier: BOLD | DIM,
        x: 31, y: 1, fg: Rgb(69, 71, 90), bg: Rgb(30, 30, 46), underline: Reset, modifier: DIM,
        x: 77, y: 1, fg: Rgb(166, 173, 200), bg: Rgb(30, 30, 46), underline: Reset, modifier: BOLD | DIM,
        x: 85, y: 1, fg: Rgb(69, 71, 90), bg: Rgb(30, 30, 46), underline: Reset, modifier: DIM,
        x: 1, y: 2, fg: Rgb(205, 214, 244), bg: Rgb(30, 30, 46), underline: Reset, modifier: DIM,
        x: 23, y: 2, fg: Rgb(69, 71, 90), bg: Rgb(30, 30, 46), underline: Reset, modifier: DIM,
        x: 25, y: 2, fg: Rgb(205, 214, 244), bg: Rgb(30, 30, 46), underline: Reset, modifier: BOLD | DIM,
        x: 60, y: 2, fg: Rgb(166, 173, 200), bg: Rgb(30, 30, 46), underline: Reset, modifier: BOLD | DIM,
        x: 65, y: 2, fg: Rgb(205, 214, 244), bg: Rgb(30, 30, 46), underline: Reset, modifier: BOLD | DIM,
        x: 66, y: 2, fg: Rgb(249, 226, 175), bg: Rgb(30, 30, 46), underline: Reset, modifier: BOLD | DIM,
        x: 68, y: 2, fg: Rgb(127, 132, 156), bg: Rgb(30, 30, 46), underline: Reset, modifier: BOLD | DIM,
        x: 72, y: 2, fg: Rgb(205, 214, 244), bg: Rgb(30, 30, 46), underline: Reset, modifier: BOLD | DIM,
        x: 75, y: 2, fg: Rgb(69, 71, 90), bg: Rgb(30, 30, 46), underline: Reset, modifier: DIM,
        x: 77, y: 2, fg: Rgb(166, 173, 200), bg: Rgb(30, 30, 46), underline: Reset, modifier: DIM,
        x: 88, y: 2, fg: Rgb(205, 214, 244), bg: Rgb(30, 30, 46), underline: Reset, modifier: BOLD | DIM,
        x: 96, y: 2, fg: Rgb(205, 214, 244), bg: Rgb(30, 30, 46), underline: Reset, modifier: DIM,
        x: 109, y: 2, fg: Rgb(69, 71, 90), bg: Rgb(30, 30, 46), underline: Reset, modifier: DIM,
        x: 1, y: 3, fg: Rgb(205, 214, 244), bg: Rgb(30, 30, 46), underline: Reset, modifier: DIM,
        x: 22, y: 3, fg: Rgb(180, 190, 254), bg: Rgb(30, 30, 46), underline: Reset, modifier: NONE,
        x: 23, y: 3, fg: Rgb(180, 190, 254), bg: Rgb(30, 30, 46), underline: Reset, modifier: BOLD,
        x: 41, y: 3, fg: Rgb(180, 190, 254), bg: Rgb(30, 30, 46), underline: Reset, modifier: NONE,
        x: 88, y: 3, fg: Rgb(205, 214, 244), bg: Rgb(30, 30, 46), underline: Reset, modifier: DIM,
        x: 109, y: 3, fg: Rgb(69, 71, 90), bg: Rgb(30, 30, 46), underline: Reset, modifier: DIM,
        x: 1, y: 4, fg: Rgb(205, 214, 244), bg: Rgb(30, 30, 46), underline: Reset, modifier: DIM,
        x: 22, y: 4, fg: Rgb(180, 190, 254), bg: Rgb(30, 30, 46), underline: Reset, modifier: NONE,
        x: 23, y: 4, fg: Rgb(205, 214, 244), bg: Rgb(30, 30, 46), underline: Reset, modifier: NONE,
        x: 24, y: 4, fg: Rgb(137, 180, 250), bg: Rgb(30, 30, 46), underline: Reset, modifier: NONE,
        x: 26, y: 4, fg: Rgb(205, 214, 244), bg: Rgb(30, 30, 46), underline: Reset, modifier: NONE,
        x: 35, y: 4, fg: Rgb(203, 166, 247), bg: Rgb(30, 30, 46), underline: Reset, modifier: NONE,
        x: 44, y: 4, fg: Rgb(205, 214, 244), bg: Rgb(30, 30, 46), underline: Reset, modifier: NONE,
        x: 45, y: 4, fg: Rgb(180, 190, 254), bg: Rgb(30, 30, 46), underline: Reset, modifier: NONE,
        x: 51, y: 4, fg: Rgb(205, 214, 244), bg: Rgb(30, 30, 46), underline: Reset, modifier: NONE,
        x: 52, y: 4, fg: Rgb(249, 226, 175), bg: Rgb(30, 30, 46), underline: Reset, modifier: NONE,
        x: 54, y: 4, fg: Rgb(205, 214, 244), bg: Rgb(30, 30, 46), underline: Reset, modifier: NONE,
        x: 55, y: 4, fg: Rgb(250, 179, 135), bg: Rgb(30, 30, 46), underline: Reset, modifier: NONE,
        x: 58, y: 4, fg: Rgb(205, 214, 244), bg: Rgb(30, 30, 46), underline: Reset, modifier: NONE,
        x: 59, y: 4, fg: Rgb(116, 199, 236), bg: Rgb(30, 30, 46), underline: Reset, modifier: NONE,
        x: 65, y: 4, fg: Rgb(205, 214, 244), bg: Rgb(30, 30, 46), underline: Reset, modifier: NONE,
        x: 66, y: 4, fg: Rgb(166, 173, 200), bg: Rgb(30, 30, 46), underline: Reset, modifier: NONE,
        x: 72, y: 4, fg: Rgb(245, 224, 220), bg: Rgb(30, 30, 46), underline: Reset, modifier: NONE,
        x: 73, y: 4, fg: Rgb(205, 214, 244), bg: Rgb(30, 30, 46), underline: Reset, modifier: NONE,
        x: 87, y: 4, fg: Rgb(180, 190, 254), bg: Rgb(30, 30, 46), underline: Reset, modifier: NONE,
        x: 88, y: 4, fg: Rgb(205, 214, 244), bg: Rgb(30, 30, 46), underline: Reset, modifier: DIM,
        x: 109, y: 4, fg: Rgb(69, 71, 90), bg: Rgb(30, 30, 46), underline: Reset, modifier: DIM,
        x: 1, y: 5, fg: Rgb(205, 214, 244), bg: Rgb(30, 30, 46), underline: Reset, modifier: DIM,
        x: 22, y: 5, fg: Rgb(180, 190, 254), bg: Rgb(30, 30, 46), underline: Reset, modifier: NONE,
        x: 23, y: 5, fg: Rgb(205, 214, 244), bg: Rgb(30, 30, 46), underline: Reset, modifier: NONE,
        x: 24, y: 5, fg: Rgb(166, 173, 200), bg: Rgb(30, 30, 46), underline: Reset, modifier: NONE,
        x: 86, y: 5, fg: Rgb(205, 214, 244), bg: Rgb(30, 30, 46), underline: Reset, modifier: NONE,
        x: 87, y: 5, fg: Rgb(180, 190, 254), bg: Rgb(30, 30, 46), underline: Reset, modifier: NONE,
        x: 88, y: 5, fg: Rgb(205, 214, 244), bg: Rgb(30, 30, 46), underline: Reset, modifier: DIM,
        x: 109, y: 5, fg: Rgb(69, 71, 90), bg: Rgb(30, 30, 46), underline: Reset, modifier: DIM,
        x: 1, y: 6, fg: Rgb(205, 214, 244), bg: Rgb(30, 30, 46), underline: Reset, modifier: DIM,
        x: 22, y: 6, fg: Rgb(180, 190, 254), bg: Rgb(30, 30, 46), underline: Reset, modifier: NONE,
        x: 23, y: 6, fg: Rgb(205, 214, 244), bg: Rgb(30, 30, 46), underline: Reset, modifier: NONE,
        x: 24, y: 6, fg: Rgb(166, 173, 200), bg: Rgb(30, 30, 46), underline: Reset, modifier: NONE,
        x: 47, y: 6, fg: Rgb(205, 214, 244), bg: Rgb(30, 30, 46), underline: Reset, modifier: NONE,
        x: 87, y: 6, fg: Rgb(180, 190, 254), bg: Rgb(30, 30, 46), underline: Reset, modifier: NONE,
        x: 88, y: 6, fg: Rgb(205, 214, 244), bg: Rgb(30, 30, 46), underline: Reset, modifier: DIM,
        x: 109, y: 6, fg: Rgb(69, 71, 90), bg: Rgb(30, 30, 46), underline: Reset, modifier: DIM,
        x: 1, y: 7, fg: Rgb(205, 214, 244), bg: Rgb(30, 30, 46), underline: Reset, modifier: DIM,
        x: 22, y: 7, fg: Rgb(180, 190, 254), bg: Rgb(30, 30, 46), underline: Reset, modifier: NONE,
        x: 23, y: 7, fg: Rgb(205, 214, 244), bg: Rgb(30, 30, 46), underline: Reset, modifier: NONE,
        x: 87, y: 7, fg: Rgb(180, 190, 254), bg: Rgb(30, 30, 46), underline: Reset, modifier: NONE,
        x: 88, y: 7, fg: Rgb(166, 173, 200), bg: Rgb(30, 30, 46), underline: Reset, modifier: DIM,
        x: 92, y: 7, fg: Rgb(205, 214, 244), bg: Rgb(30, 30, 46), underline: Reset, modifier: DIM,
        x: 109, y: 7, fg: Rgb(69, 71, 90), bg: Rgb(30, 30, 46), underline: Reset, modifier: DIM,
        x: 1, y: 8, fg: Rgb(205, 214, 244), bg: Rgb(30, 30, 46), underline: Reset, modifier: BOLD | DIM,
        x: 22, y: 8, fg: Rgb(180, 190, 254), bg: Rgb(30, 30, 46), underline: Reset, modifier: NONE,
        x: 23, y: 8, fg: Rgb(205, 214, 244), bg: Rgb(30, 30, 46), underline: Reset, modifier: NONE,
        x: 24, y: 8, fg: Rgb(137, 180, 250), bg: Rgb(30, 30, 46), underline: Reset, modifier: BOLD,
        x: 29, y: 8, fg: Rgb(166, 173, 200), bg: Rgb(30, 30, 46), underline: Reset, modifier: NONE,
        x: 33, y: 8, fg: Rgb(127, 132, 156), bg: Rgb(30, 30, 46), underline: Reset, modifier: NONE,
        x: 36, y: 8, fg: Rgb(137, 180, 250), bg: Rgb(30, 30, 46), underline: Reset, modifier: BOLD,
        x: 39, y: 8, fg: Rgb(166, 173, 200), bg: Rgb(30, 30, 46), underline: Reset, modifier: NONE,
        x: 48, y: 8, fg: Rgb(127, 132, 156), bg: Rgb(30, 30, 46), underline: Reset, modifier: NONE,
        x: 51, y: 8, fg: Rgb(137, 180, 250), bg: Rgb(30, 30, 46), underline: Reset, modifier: BOLD,
        x: 57, y: 8, fg: Rgb(166, 173, 200), bg: Rgb(30, 30, 46), underline: Reset, modifier: NONE,
        x: 65, y: 8, fg: Rgb(127, 132, 156), bg: Rgb(30, 30, 46), underline: Reset, modifier: NONE,
        x: 68, y: 8, fg: Rgb(137, 180, 250), bg: Rgb(30, 30, 46), underline: Reset, modifier: BOLD,
        x: 71, y: 8, fg: Rgb(166, 173, 200), bg: Rgb(30, 30, 46), underline: Reset, modifier: NONE,
        x: 78, y: 8, fg: Rgb(205, 214, 244), bg: Rgb(30, 30, 46), underline: Reset, modifier: NONE,
        x: 87, y: 8, fg: Rgb(180, 190, 254), bg: Rgb(30, 30, 46), underline: Reset, modifier: NONE,
        x: 88, y: 8, fg: Rgb(205, 214, 244), bg: Rgb(30, 30, 46), underline: Reset, modifier: DIM,
        x: 109, y: 8, fg: Rgb(69, 71, 90), bg: Rgb(30, 30, 46), underline: Reset, modifier: DIM,
        x: 1, y: 9, fg: Rgb(205, 214, 244), bg: Rgb(30, 30, 46), underline: Reset, modifier: DIM,
        x: 22, y: 9, fg: Rgb(180, 190, 254), bg: Rgb(30, 30, 46), underline: Reset, modifier: NONE,
        x: 88, y: 9, fg: Rgb(205, 214, 244), bg: Rgb(30, 30, 46), underline: Reset, modifier: DIM,
        x: 109, y: 9, fg: Rgb(69, 71, 90), bg: Rgb(30, 30, 46), underline: Reset, modifier: DIM,
        x: 1, y: 10, fg: Rgb(205, 214, 244), bg: Rgb(30, 30, 46), underline: Reset, modifier: DIM,
        x: 23, y: 10, fg: Rgb(69, 71, 90), bg: Rgb(30, 30, 46), underline: Reset, modifier: DIM,
        x: 25, y: 10, fg: Rgb(205, 214, 244), bg: Rgb(30, 30, 46), underline: Reset, modifier: DIM,
        x: 75, y: 10, fg: Rgb(69, 71, 90), bg: Rgb(30, 30, 46), underline: Reset, modifier: DIM,
        x: 77, y: 10, fg: Rgb(166, 173, 200), bg: Rgb(30, 30, 46), underline: Reset, modifier: DIM,
        x: 92, y: 10, fg: Rgb(205, 214, 244), bg: Rgb(30, 30, 46), underline: Reset, modifier: DIM,
        x: 109, y: 10, fg: Rgb(69, 71, 90), bg: Rgb(30, 30, 46), underline: Reset, modifier: DIM,
        x: 1, y: 11, fg: Rgb(205, 214, 244), bg: Rgb(30, 30, 46), underline: Reset, modifier: DIM,
        x: 23, y: 11, fg: Rgb(69, 71, 90), bg: Rgb(30, 30, 46), underline: Reset, modifier: DIM,
        x: 25, y: 11, fg: Rgb(205, 214, 244), bg: Rgb(30, 30, 46), underline: Reset, modifier: DIM,
        x: 75, y: 11, fg: Rgb(69, 71, 90), bg: Rgb(30, 30, 46), underline: Reset, modifier: DIM,
        x: 77, y: 11, fg: Rgb(166, 173, 200), bg: Rgb(30, 30, 46), underline: Reset, modifier: DIM,
        x: 92, y: 11, fg: Rgb(205, 214, 244), bg: Rgb(30, 30, 46), underline: Reset, modifier: DIM,
        x: 109, y: 11, fg: Rgb(69, 71, 90), bg: Rgb(30, 30, 46), underline: Reset, modifier: DIM,
        x: 1, y: 12, fg: Rgb(205, 214, 244), bg: Rgb(30, 30, 46), underline: Reset, modifier: DIM,
        x: 23, y: 12, fg: Rgb(69, 71, 90), bg: Rgb(30, 30, 46), underline: Reset, modifier: DIM,
        x: 25, y: 12, fg: Rgb(205, 214, 244), bg: Rgb(30, 30, 46), underline: Reset, modifier: DIM,
        x: 75, y: 12, fg: Rgb(69, 71, 90), bg: Rgb(30, 30, 46), underline: Reset, modifier: DIM,
        x: 77, y: 12, fg: Rgb(166, 173, 200), bg: Rgb(30, 30, 46), underline: Reset, modifier: DIM,
        x: 88, y: 12, fg: Rgb(205, 214, 244), bg: Rgb(30, 30, 46), underline: Reset, modifier: DIM,
        x: 109, y: 12, fg: Rgb(69, 71, 90), bg: Rgb(30, 30, 46), underline: Reset, modifier: DIM,
        x: 0, y: 14, fg: Rgb(137, 180, 250), bg: Rgb(30, 30, 46), underline: Reset, modifier: NONE,
        x: 9, y: 14, fg: Rgb(127, 132, 156), bg: Rgb(30, 30, 46), underline: Reset, modifier: NONE,
        x: 14, y: 14, fg: Rgb(166, 173, 200), bg: Rgb(30, 30, 46), underline: Reset, modifier: NONE,
        x: 28, y: 14, fg: Rgb(127, 132, 156), bg: Rgb(30, 30, 46), underline: Reset, modifier: NONE,
        x: 33, y: 14, fg: Rgb(166, 173, 200), bg: Rgb(30, 30, 46), underline: Reset, modifier: NONE,
        x: 49, y: 14, fg: Rgb(205, 214, 244), bg: Rgb(30, 30, 46), underline: Reset, modifier: NONE,
        x: 0, y: 15, fg: Rgb(137, 180, 250), bg: Rgb(30, 30, 46), underline: Reset, modifier: BOLD,
        x: 7, y: 15, fg: Rgb(166, 173, 200), bg: Rgb(30, 30, 46), underline: Reset, modifier: NONE,
        x: 11, y: 15, fg: Rgb(137, 180, 250), bg: Rgb(30, 30, 46), underline: Reset, modifier: BOLD,
        x: 16, y: 15, fg: Rgb(166, 173, 200), bg: Rgb(30, 30, 46), underline: Reset, modifier: NONE,
        x: 25, y: 15, fg: Rgb(137, 180, 250), bg: Rgb(30, 30, 46), underline: Reset, modifier: BOLD,
        x: 33, y: 15, fg: Rgb(166, 173, 200), bg: Rgb(30, 30, 46), underline: Reset, modifier: NONE,
        x: 41, y: 15, fg: Rgb(137, 180, 250), bg: Rgb(30, 30, 46), underline: Reset, modifier: BOLD,
        x: 46, y: 15, fg: Rgb(166, 173, 200), bg: Rgb(30, 30, 46), underline: Reset, modifier: NONE,
        x: 53, y: 15, fg: Rgb(205, 214, 244), bg: Rgb(30, 30, 46), underline: Reset, modifier: NONE,
    ]
}
