---
source: crates/tui/src/ui/tests.rs
expression: render(&app)
---
" ms-todo 9.9.9 · Planned                                                                             ● synced "
"╭ Lists ───────────────╮╭ Planned ──────────────────────────────────── 3/5 ╮╭ Detail ────────────────────────╮"
"│☼ My Day              ││  Overdue                                         ││Title      Bins out             │"
"│★ Important          1││○ Renew passport                  Sun 20          ││                                │"
"│▦ Planned            2││  Today                                           ││Status     open                 │"
"│∞ All                3││○ Dentist                          Today          ││List       Home                 │"
"│◔ Assigned            ││  Tomorrow                                        ││Due        Fri 25 Sep 2026      │"
"│✓ Completed          1││○ Bins out                      Tomorrow          ││(Tomorrow)                      │"
"│≡ Tasks               ││  This week                                       ││Reminder   none                 │"
"│≡ Home               3││○ Book train                      Sun 27          ││Importance normal               │"
"│                      ││  Later                                           ││Assignee   none                 │"
"│                      ││○ Pay rent                         Oct 1          ││Steps      none                 │"
"│                      ││                                                  ││Link       none                 │"
"╰──────────────────────╯╰──────────────────────────────────────────────────╯╰────────────────────────────────╯"
" ● daemon  ·  synced 12s ago  ·  all changes sent                                                             "
" a Add  x Done  e Edit  d Delete  v Select  u Undo  / Filter  : Palette  r Sync  ? Help  q Quit  o Open link  "
