---
source: crates/tui/src/ui/tests.rs
expression: at_end
---
" ms-todo 9.9.9 · Home                                                                                ● synced "
"╭ Lists ───────────────╮╭ Home ────────────────────────────────────────────╮╭ Detail ────────────────────────╮"
"│☼ My Day              ││○ Pay rent                         Oct 1 ★ ↻      ││Title      Pay rent█            │"
"│» Next                ││○ Call Sam                                      ◌ ││           the new title        │"
"│★ Important          1││○ Water plants                                  ✗ ││                                │"
"│▦ Planned            2││✓ Ship blueprint                                  ││Status     open                 │"
"│∞ All                3││                                                  ││List       Home                 │"
"│◔ Assigned            ││                                                  ││Due        Thu 1 Oct 2026       │"
"│⧖ Upcoming            ││                                                  ││Start      none                 │"
"│… Someday             ││                                                  ││Reminder   none                 │"
"│✓ Completed          1││                                                  ││Importance high                 │"
"│≡ Tasks               ││                                                  ││Assignee   none                 │"
"│≡ Home               3││                                                  ││Defer      none                 │"
"╰──────────────────────╯╰──────────────────────────────────────────────────╯╰────────────────────────────────╯"
" ● daemon  ·  synced 12s ago  ·  all changes sent                                                             "
" Edit title:  Enter Done  Esc Cancel  ←/→ Move                                                                "
