---
source: crates/tui/src/ui/tests.rs
expression: render(&app)
---
"╭ Lists ───────────────╮╭ Tasks ───────────────────────────────────────────╮╭ Detail ────────────────────────╮"
"│★ Important           ││                                                  ││                                │"
"│▦ Planned             ││                                                  ││                                │"
"│∞ All                 ││                                                  ││                                │"
"│✓ Completed           ││                                                  ││                                │"
"│                      ││                                                  ││                                │"
"│                      ││                                                  ││                                │"
"│                      ││                     Syncing…                     ││                                │"
"│                      ││                                                  ││                                │"
"│                      ││                                                  ││                                │"
"│                      ││                                                  ││                                │"
"│                      ││                                                  ││                                │"
"│                      ││                                                  ││                                │"
"╰──────────────────────╯╰──────────────────────────────────────────────────╯╰────────────────────────────────╯"
" ● daemon  ·  syncing…  ·  all changes sent                                                                   "
" a Add  x Done  d Delete  u Undo  / Filter  r Sync  ? Help  q Quit                                  ◌ syncing "
