---
source: crates/tui/src/ui/tests.rs
expression: "format!(\"{everything}\\n{}\", render(&app))"
---
" ms-todo 9.9.9 · Home    ╭ Palette ─────────────────────────────────────────────────╮                ● synced "
"╭ Lists ───────────────╮╭│: █                                                       │────────────────────────╮"
"│☼ My Day              │││                                                          │   Pay rent             │"
"│» Next                │││Add                                                      a│                        │"
"│★ Important          1│││Done                                                     x│   open                 │"
"│▦ Planned            2│││Edit                                                     e│   Home                 │"
"│∞ All                3│││Delete                                                   d│   Thu 1 Oct 2026       │"
"│◔ Assigned            │││Set due date…                                            S│   none                 │"
"│⧖ Upcoming            │││Reschedule overdue to…                                   R│ce high                 │"
"│… Someday             │││Move to list…                                            m│   none                 │"
"│✓ Completed          1│││Select                                                   v│   none                 │"
"│≡ Tasks               │││Select all                                               V│   monthly on day 1     │"
"│≡ Home               3│││Undo                                                     u│   none                 │"
"╰──────────────────────╯╰│Filter                                                   /│────────────────────────╯"
" ● daemon  ·  synced 12s │Clear selection or filter                              Esc│                         "
" Enter Run  Esc Close    ╰──────────────────────────────────────────────────────────╯                         "

" ms-todo 9.9.9 · Home    ╭ Palette ─────────────────────────────────────────────────╮                ● synced "
"╭ Lists ───────────────╮╭│: go█                                                     │────────────────────────╮"
"│☼ My Day              │││                                                          │   Pay rent             │"
"│» Next                │││Go to My Day                                              │                        │"
"│★ Important          1│││Go to Next                                                │   open                 │"
"│▦ Planned            2│││Go to Important                                           │   Home                 │"
"│∞ All                3│││Go to Planned                                             │   Thu 1 Oct 2026       │"
"│◔ Assigned            │││Go to All                                                 │   none                 │"
"│⧖ Upcoming            │││Go to Assigned                                            │ce high                 │"
"│… Someday             │││Go to Upcoming                                            │   none                 │"
"│✓ Completed          1│││Go to Someday                                             │   none                 │"
"│≡ Tasks               │││Go to Completed                                           │   monthly on day 1     │"
"│≡ Home               3│││Go to Tasks                                               │   none                 │"
"╰──────────────────────╯╰│Go to Home                                                │────────────────────────╯"
" ● daemon  ·  synced 12s │Diagnostics                                              D│                         "
" Enter Run  Esc Close    ╰──────────────────────────────────────────────────────────╯                         "
