---
source: crates/tui/src/ui/tests.rs
expression: render(&app)
---
" ms-todo 9.9.9 · Planned                                                                             ● synced "
"╭ Lists ───────────────╮╭ Planned ──────────────────────────────────── 3/5 ╮╭ Detail ────────────────────────╮"
"│☼ My Day              ││  Overdue                                         ││Title      Bins out             │"
"│» Next                ││○ Renew passport                  Sun 20          ││                                │"
"│★ Important          1││  Today                                           ││Status     open                 │"
"│▦ Planned            2││○ Dentist                          Today          ││List       Home                 │"
"│∞ All                3││  Tomorrow                                        ││Due        Fri 25 Sep 2026      │"
"│◔ Assigned            ││○ Bins out                      Tomorrow          ││(Tomorrow)                      │"
"│⧖ Upcoming            ││  This week                                       ││Start      none                 │"
"│… Someday             ││○ Book train                      Sun 27          ││Reminder   none                 │"
"│✓ Completed          1││  Later                                           ││Importance normal               │"
"│≡ Tasks               ││○ Pay rent                         Oct 1          ││Assignee   none                 │"
"│≡ Home               3││                                                  ││Defer      none                 │"
"╰──────────────────────╯╰──────────────────────────────────────────────────╯╰────────────────────────────────╯"
" ● daemon  ·  synced 12s ago  ·  all changes sent                                                             "
" a Add  x Done  e Edit  d Delete  v Select  u Undo  / Filter  : Palette  r Sync  ? Help  q Quit  o Open link  "
