---
source: crates/tui/src/ui/tests.rs
expression: render(&app)
---
" ms-todo 9.9.9 · Home                                                                                ● synced "
"╭ Lists ───────────────╮╭ Home ────────────────────────────────────────────╮╭ Detail ────────────────────────╮"
"│☼ My Day              ││○ Pay rent                         Oct 1 ★ ↻      ││Title      Pay rent             │"
"│★ Important          1││○ Call Sam                                      ◌ ││                                │"
"│▦ Planned            2││○ Water plants                                  ✗ ││Status     open                 │"
"│∞ All                3││✓ Ship blueprint                                  ││List       Home                 │"
"│✓ Completed          1││                                                  ││Due        Thu 1 Oct 2026       │"
"│≡ Tasks               ││                                                  ││Reminder   none                 │"
"│≡ Home               3││                                                  ││Importance high                 │"
"│                      ││                                                  ││Repeats    monthly on day 1     │"
"│                      ││                                                  ││Steps      none                 │"
"│                      ││                                                  ││Link       none                 │"
"│                      ││                                                  ││Sync       synced               │"
"╰──────────────────────╯╰──────────────────────────────────────────────────╯╰────────────────────────────────╯"
" ● daemon  ·  synced 12s ago  ·  all changes sent                                                             "
" Due date for 2 tasks: next mon█  → Mon 28 Sep  Enter Done  Esc Cancel                                        "
