---
source: crates/tui/src/ui/tests.rs
expression: screen
---
" ms-todo 9.9.9 · Home                                                                                ● synced "
"╭ Lists ───────────────╮╭ Home ────────────────────────────────────────────╮╭ Detail ────────────────────────╮"
"│☼ My Day              ││○ Pay rent                         Oct 1 ★ ↻      ││Title      Pay rent             │"
"│★ Important          ╭ Add task → Tasks ──────────────────────────────────────────────╮                     │"
"│▦ Planned            │ > Pay rent every 1st #Tasks p1 9am @bills +myday█              │open                 │"
"│∞ All                │ → Tasks · p1 · due Thu 1 Oct · every month on the 1st · remind │Home                 │"
"│◔ Assigned           │ 09:00 · @bills · My Day                                        │Thu 1 Oct 2026       │"
"│✓ Completed          │                                                                │none                 │"
"│≡ Tasks              │ Enter add · Tab complete · Ctrl-r literal · Esc cancel         │high                 │"
"│≡ Home               ╰────────────────────────────────────────────────────────────────╯none                 │"
"│                      ││                                                  ││Repeats    monthly on day 1     │"
"│                      ││                                                  ││Steps      none                 │"
"│                      ││                                                  ││Link       none                 │"
"╰──────────────────────╯╰──────────────────────────────────────────────────╯╰────────────────────────────────╯"
" ● daemon  ·  synced 12s ago  ·  all changes sent                                                             "
" Enter Add  Tab Complete  Ctrl-r Literal  Esc Cancel                                                          "
