---
source: crates/tui/src/ui/tests.rs
expression: "format!(\"{everything}\\n{}\", render(&app))"
---
" ms-todo 9.9.9 · Home    ╭ Palette ─────────────────────────────────────────────────╮                ● synced "
"╭ Lists ───────────────╮╭│: █                                                       │────────────────────────╮"
"│☼ My Day              │││                                                          │   Pay rent             │"
"│★ Important          1│││Add                                                      a│                        │"
"│▦ Planned            2│││Done                                                     x│   open                 │"
"│∞ All                3│││Edit                                                     e│   Home                 │"
"│✓ Completed          1│││Delete                                                   d│   Thu 1 Oct 2026       │"
"│≡ Tasks               │││Set due date…                                            S│   none                 │"
"│≡ Home               3│││Reschedule overdue to…                                   R│ce high                 │"
"│                      │││Move to list…                                            m│   monthly on day 1     │"
"│                      │││Select                                                   v│   none                 │"
"│                      │││Select all                                               V│   none                 │"
"│                      │││Undo                                                     u│   synced               │"
"╰──────────────────────╯╰│Filter                                                   /│────────────────────────╯"
" ● daemon  ·  synced 12s │Clear selection or filter                              Esc│                         "
" Enter Run  Esc Close    ╰──────────────────────────────────────────────────────────╯                         "

" ms-todo 9.9.9 · Home                                                                                ● synced "
"╭ Lists ───────────────╮╭ Home ────────────────────────────────────────────╮╭ Detail ────────────────────────╮"
"│☼ My Day              ││╭ Palette ─────────────────────────────────────────────────╮   Pay rent             │"
"│★ Important          1│││: go█                                                     │                        │"
"│▦ Planned            2│││                                                          │   open                 │"
"│∞ All                3│││Go to My Day                                              │   Home                 │"
"│✓ Completed          1│││Go to Important                                           │   Thu 1 Oct 2026       │"
"│≡ Tasks               │││Go to Planned                                             │   none                 │"
"│≡ Home               3│││Go to All                                                 │ce high                 │"
"│                      │││Go to Completed                                           │   monthly on day 1     │"
"│                      │││Go to Tasks                                               │   none                 │"
"│                      │││Go to Home                                                │   none                 │"
"│                      │││Diagnostics                                              D│   synced               │"
"╰──────────────────────╯╰╰──────────────────────────────────────────────────────────╯────────────────────────╯"
" ● daemon  ·  synced 12s ago  ·  all changes sent                                                             "
" Enter Run  Esc Close                                                                                         "
