---
source: crates/tui/src/ui/tests.rs
expression: render(&app)
---
" ms-todo 9.9.9 · Home                                                                                ● synced "
"╭ Lists ───────────────╮╭ Home ────────────────────────────────────────────╮╭ Detail ────────────────────────╮"
"│☼ My Day              ││○ Pay rent                         Oct 1 ★ ↻      ││Title      Pay rent             │"
"│★ Important          1││○ Call Sam                                      ◌ ││                                │"
"│▦ Planned       ╭ Links ───────────────────────────────────────────────────────────────────╮                │"
"│∞ All           │The email  https://mail.example.com/1                                     │                │"
"│✓ Completed     │javascript:alert(1)  javascript:alert(1)  (won't open)                    │ Oct 2026       │"
"│≡ Tasks         │docs  https://docs.example.com                                            │                │"
"│≡ Home          │                                                                          │                │"
"│                │Linked resources first, then the notes                                    │ly on day 1     │"
"│                ╰──────────────────────────────────────────────────────────────────────────╯                │"
"│                      ││                                                  ││Link       none                 │"
"│                      ││                                                  ││Files      none                 │"
"╰──────────────────────╯╰──────────────────────────────────────────────────╯╰────────────────────────────────╯"
" ● daemon  ·  synced 12s ago  ·  all changes sent                                                             "
" Enter Open  y Copy  Esc Cancel                                                                               "
