---
source: crates/tui/src/ui/tests.rs
expression: render(&app)
---
" ms-todo 9.9.9 · Home           ╭ Theme ─────────────────────────────────────╮                       ● synced "
"╭ Lists ───────────────╮╭ Home ─│terminal                                    │Detail ────────────────────────╮"
"│☼ My Day              ││○ Pay r│catppuccin-mocha                            │itle      Pay rent             │"
"│★ Important          1││○ Call │catppuccin-latte                            │                               │"
"│▦ Planned            2││○ Water│gruvbox-dark                                │tatus     open                 │"
"│∞ All                3││✓ Ship │gruvbox-light                               │ist       Home                 │"
"│✓ Completed          1││       │tokyo-night                                 │ue        Thu 1 Oct 2026       │"
"│≡ Tasks               ││       │nord                                        │eminder   none                 │"
"│≡ Home               3││       │one-dark                                    │mportance high                 │"
"│                      ││       │kanagawa                                    │epeats    monthly on day 1     │"
"│                      ││       │night-owl                                   │teps      none                 │"
"│                      ││       │cobalt2                                     │ink       none                 │"
"│                      ││       │high-contrast                               │ync       synced               │"
"╰──────────────────────╯╰───────│                                            │───────────────────────────────╯"
" ● daemon  ·  synced 12s ago  · │Enter keeps it in config.toml; Esc goes back│                                "
" Enter Keep  Esc Revert         ╰────────────────────────────────────────────╯                                "
