---
source: crates/tui/src/ui/tests.rs
expression: screen
---
" ms-todo 9.9.9 · Tasks                                                                               ● synced "
"╭ Lists ───────────────╮╭ Tasks ───────────────────────────────────────────╮╭ Detail ────────────────────────╮"
"│☼ My Day              ││                                                  ││                                │"
"│★ Important          ╭ Add task → Tasks ──────────────────────────────────────────────╮                     │"
"│▦ Planned            │ > mow the lawn█                                                │                     │"
"│∞ All                │ → Tasks                                                        │                     │"
"│◔ Assigned           │ → Home? (Ctrl-l to accept)                                     │                     │"
"│✓ Completed          │                                                                │                     │"
"│≡ Tasks              │ Enter add · Tab complete · Ctrl-r literal · Esc cancel         │                     │"
"│≡ Home               ╰────────────────────────────────────────────────────────────────╯                     │"
"│                      ││                                                  ││                                │"
"│                      ││                                                  ││                                │"
"│                      ││                                                  ││                                │"
"╰──────────────────────╯╰──────────────────────────────────────────────────╯╰────────────────────────────────╯"
" ● daemon  ·  synced 12s ago  ·  all changes sent                                                             "
" Enter Add  Tab Complete  Ctrl-r Literal  Esc Cancel                                                          "
