---
source: crates/tui/src/ui/tests.rs
expression: "help_after(140, 40, &[])"
---
" ms-todo 9.9.9 · Home                                                                                                              ● synced "
"╭ Lists ───────╭ ms-todo 9.9.9 · Keys ─────────────────────────────────────────────────────────────────────────────────────╮───────────────╮"
"│☼ My Day      │ Navigation                                       Prompts and editing (continued)                          ┃               │"
"│★ Important   │   j/Down            Down                          Picking a field (e)                                     ┃               │"
"│▦ Planned     │   k/Up              Up                             t            Edit title                                ┃               │"
"│∞ All         │   g                 Top                            d            Edit due date                             ┃               │"
"│◔ Assigned    │   G                 Bottom                         r            Edit reminder                             ┃               │"
"│✓ Completed   │   h                 Left pane                      i            Set importance                            ┃               │"
"│≡ Tasks       │   l                 Right pane                     a            Edit assignee                             ┃               │"
"│≡ Home        │   Enter/Space       Open or fold                   n            Edit notes                                ┃               │"
"│              │   Tab               Next pane                      I            Cycle importance                          ┃               │"
"│              │   ?                 Help                           Esc/Ctrl-c   Cancel                                    ┃               │"
"│              │   q/Ctrl-c          Quit                          Importance                                              ┃               │"
"│              │                                                    1/h          High                                      ┃               │"
"│              │ Tasks                                              2/3/n        Normal                                    ┃               │"
"│              │   a                 Add                            4/l          Low                                       ┃               │"
"│              │   x                 Done                           Esc/Ctrl-c   Cancel                                    ┃               │"
"│              │   e                 Edit                          Confirming a delete                                     ┃               │"
"│              │   d                 Delete                         y            Delete                                    ┃               │"
"│              │   S                 Set due date…                  n/Esc        Keep                                      ┃               │"
"│              │   R                 Reschedule overdue to…        Typing, in any prompt                                   ┃               │"
"│              │   m                 Move to list…                  Left/Right   Move (Home/End, Ctrl-a/e: line start/end) ┃               │"
"│              │   v                 Select                         Alt-b/Alt-f  Word back/forward (also Ctrl-Left/Right)  ┃               │"
"│              │   V                 Select all                     Ctrl-w/u/k   Delete word back, to line start, to end   ┃               │"
"│              │   u                 Undo                                                                                  │               │"
"│              │   /                 Filter                       Views and palette                                        │               │"
"│              │   Esc               Clear selection or filter      :            Palette                                   │               │"
"│              │   r                 Sync                           D            Diagnostics                               │               │"
"│              │   M                 Move list to folder…          Undoing a recurring task                                │               │"
"│              │   o                 Open link                      Enter        Delete this copy                          │               │"
"│              │   y                 Copy link                      Esc          Cancel                                    │               │"
"│              │   t                 My Day                        Links                                                   │               │"
"│              │   A                 Attach a file…                 Enter/o      Open                                      │               │"
"│              │   W                 Assign to…                     y            Copy                                      │               │"
"│              │                                                    Esc/Ctrl-c   Cancel                                    │               │"
"│              │ Detail pane                                       Theme picker                                            │               │"
"│              │   e                 Edit field                     Enter        Keep                                      │               │"
"╰──────────────│   Enter             Edit this field                Esc/Ctrl-c   Revert                                    │───────────────╯"
" ● daemon  ·  s╰─────────────────────────────────────────────────────────────────────────────────────────────────── ↓ more ╯                "
" j Scroll down  k Scroll up  PgDn Page down  PgUp Page up  Esc Close                                                                        "
