---
source: crates/tui/src/ui/tests.rs
expression: render(&app)
---
" ms-todo 9.9.9 · Home                                                                                ● synced "
"╭ Lists ───────────────╮╭ Home ────────────────────────────────────────────╮╭ Detail ────────────────────────╮"
"│☼ My Day              ││○ Pay rent                         Oct 1 ★ ↻      ││Title      Pay rent             │"
"│★ Important          1││○ Call Sam                                      ◌ ││                                │"
"│▦ Planned            2││○ Water plants                                  ✗ ││Status     open                 │"
"│∞ All              ╭ Which completed copy to delete? ───────────────────────────────────╮me                 │"
"│◔ Assigned         │Undo deletes the completed copy you pick:                           │u 1 Oct 2026       │"
"│✓ Completed        │                                                                    │ne                 │"
"│≡ Tasks            │Pay rent  Home  created 2026-09-24 10:00                            │gh                 │"
"│≡ Home             │Pay rent  Home  created 2026-09-24 10:01                            │ne                 │"
"│                   ╰────────────────────────────────────────────────────────────────────╯nthly on day 1     │"
"│                      ││                                                  ││Steps      none                 │"
"│                      ││                                                  ││Link       none                 │"
"╰──────────────────────╯╰──────────────────────────────────────────────────╯╰────────────────────────────────╯"
" ● daemon  ·  synced 12s ago  ·  all changes sent                                                             "
" Enter Delete this copy  Esc Cancel                                                                           "
