---
source: crates/tui/src/ui/tests.rs
expression: render(&app)
---
" ms-todo 9.9.9 · Completed                                                                           ● synced "
"╭ Lists ───────────────╮╭ Completed ───────────────────────────────────────╮╭ Detail ────────────────────────╮"
"│☼ My Day              ││  Not synced yet                                  ││Title      Call Sam             │"
"│★ Important          1││✓ Just now                                      ◌ ││                                │"
"│▦ Planned            2││  Today                                           ││Status     completed            │"
"│∞ All                3││✓ Ship blueprint                                  ││List       Home                 │"
"│✓ Completed          1││  Yesterday                                       ││Due        none                 │"
"│≡ Tasks               ││✓ Call Sam                                        ││Reminder   none                 │"
"│≡ Home               3││  Mon 21 Sep                                      ││Importance normal               │"
"│                      ││✓ Pay rent                                        ││Steps      none                 │"
"│                      ││                                                  ││Link       none                 │"
"│                      ││                                                  ││Files      none                 │"
"│                      ││                                                  ││Sync       synced               │"
"╰──────────────────────╯╰──────────────────────────────────────────────────╯╰────────────────────────────────╯"
" ● daemon  ·  synced 12s ago  ·  all changes sent                                                             "
" a Add  x Done  e Edit  d Delete  v Select  u Undo  / Filter  : Palette  r Sync  ? Help  q Quit  o Open link  "
