---
source: crates/tui/src/ui/tests.rs
expression: render(&app)
---
" ms-todo 9.9.9 · Home                                                                                ● synced "
"╭ Lists ───────────────╮╭ Home ────────────────────────────────────────────╮╭ Detail ────────────────────────╮"
"│☼ My Day              ││○ Pay rent                         Oct 1 ★ ↻      ││Title      Pay rent             │"
"│★ Important          ╭ Add task → Home ───────────────────────────────────────────────╮                     │"
"│▦ Planned            │ > Email Friday report tomorrow█                                │open                 │"
"│∞ All                │ Literal: the text is the title, as typed; Ctrl-r reads it      │Home                 │"
"│✓ Completed          │ again                                                          │Thu 1 Oct 2026       │"
"│≡ Tasks              │                                                                │none                 │"
"│≡ Home               │ Enter add · Tab complete · Ctrl-r literal · Esc cancel         │high                 │"
"│                     ╰────────────────────────────────────────────────────────────────╯monthly on day 1     │"
"│                      ││                                                  ││Steps      none                 │"
"│                      ││                                                  ││Link       none                 │"
"│                      ││                                                  ││Files      none                 │"
"╰──────────────────────╯╰──────────────────────────────────────────────────╯╰────────────────────────────────╯"
" ● daemon  ·  synced 12s ago  ·  all changes sent                                                             "
" Enter Add  Tab Complete  Ctrl-r Literal  Esc Cancel                                                          "
