---
source: crates/tui/src/ui/tests.rs
expression: render(&app)
---
" ms-todo 9.9.9 · Home                                                                                ● synced "
"╭ Lists ───────────────╮╭ Home ────────────────────────────────────────────╮╭ Detail ────────────────────────╮"
"│☼ My Day              ││○ Pay rent                         Oct 1 ★ ↻      ││Title      Pay rent             │"
"│★ Important          1││○ Call Sam                                      ◌ ││                                │"
"│▦ Planned            2││○ Water plants                                  ✗ ││Status     open                 │"
"│∞ All                3││✓ Ship blueprint                                  ││List       Home                 │"
"│✓ Completed          1││                                                  ││Due        Thu 1 Oct 2026       │"
"│≡ Tasks               ││                                                  ││Reminder   none                 │"
"│≡ Home               3││                                                  ││Importance high                 │"
"│                      ││                                                  ││Repeats    monthly on day 1     │"
"│                      ││                                                  ││Steps      none                 │"
"│                      ││                                                  ││Link       none                 │"
"│                      ││                                                  ││Files      none                 │"
"╰──────────────────────╯╰──────────────────────────────────────────────────╯╰────────────────────────────────╯"
" ● daemon  ·  synced 12s ago  ·  all changes sent                                                             "
" a Add  x Done  e Edit  d Delete  v Select  u Undo  / Filter  : Palette  r Sync  ? Help  q Quit  o Open link  "
