---
source: crates/tui/src/ui/tests.rs
expression: "format!(\"{}\\n{}\", last(&adding), last(&confirming))"
---
" Add to Home: Buy milk█                                                                                       "
" Delete "Call Sam"?  y Delete  n Keep                                                                         "
