---
source: crates/tui/src/ui/tests.rs
expression: "format!(\"{everything}\\n{}\", render(&app))"
---
" ms-todo 9.9.9 · Home    ╭ Palette ─────────────────────────────────────────────────╮                ● synced "
"╭ Lists ───────────────╮╭│: █                                                       │────────────────────────╮"
"│★ Important          1│││                                                          │   Pay rent             │"
"│▦ Planned            2│││Add                                                      a│                        │"
"│∞ All                3│││Done                                                     x│   open                 │"
"│✓ Completed          1│││Edit                                               e/Enter│   Home                 │"
"│≡ Tasks               │││Delete                                                   d│   Thu 1 Oct 2026       │"
"│≡ Home               3│││Select                                                   v│   none                 │"
"│                      │││Select all                                               V│ce high                 │"
"│                      │││Undo                                                     u│   monthly on day 1     │"
"│                      │││Filter                                                   /│   synced               │"
"│                      │││Clear selection or filter                              Esc│                        │"
"│                      │││Sync                                                     r│   none                 │"
"╰──────────────────────╯╰│Diagnostics                                              D│────────────────────────╯"
" ● daemon  ·  synced 12s │Help                                                     ?│                         "
" Enter Run  Esc Close    ╰──────────────────────────────────────────────────────────╯                         "

" ms-todo 9.9.9 · Home                                                                                ● synced "
"╭ Lists ───────────────╮╭ Home ────────────────────────────────────────────╮╭ Detail ────────────────────────╮"
"│★ Important          1││╭ Palette ─────────────────────────────────────────────────╮   Pay rent             │"
"│▦ Planned            2│││: go█                                                     │                        │"
"│∞ All                3│││                                                          │   open                 │"
"│✓ Completed          1│││Go to Important                                           │   Home                 │"
"│≡ Tasks               │││Go to Planned                                             │   Thu 1 Oct 2026       │"
"│≡ Home               3│││Go to All                                                 │   none                 │"
"│                      │││Go to Completed                                           │ce high                 │"
"│                      │││Go to Tasks                                               │   monthly on day 1     │"
"│                      │││Go to Home                                                │   synced               │"
"│                      │││Diagnostics                                              D│                        │"
"│                      ││╰──────────────────────────────────────────────────────────╯   none                 │"
"╰──────────────────────╯╰──────────────────────────────────────────────────╯╰────────────────────────────────╯"
" ● daemon  ·  synced 12s ago  ·  all changes sent                                                             "
" Enter Run  Esc Close                                                                                         "
