---
source: crates/tui/src/ui/tests.rs
expression: bottom
---
" ms-todo 9.9.9 · Home                                                  ● synced "
"╭ Lists╭ ms-todo 9.9.9 · Keys ─────────────────────────────────────────╮───────╮"
"│☼ My D│   Up/Ctrl-p         Up                                        │y rent │"
"│» Next│  Move to list (m)                                             │       │"
"│★ Impo│   Enter             Move here                                 │en     │"
"│▦ Plan│   Esc/Ctrl-c        Cancel                                    │me     │"
"│∞ All │   Backspace         Erase                                     │u 1 Oct│"
"│◔ Assi│   Down/Ctrl-n       Down                                      │       │"
"│⧖ Upco│   Up/Ctrl-p         Up                                        │ne     │"
"│… Some│  Diagnostics (D)                                              │ne     │"
"│✓ Comp│   r                 Refresh                                   │gh     │"
"│≡ Task│   Esc/q/D           Back                                      │ne     │"
"│≡ Home│  This help                                                    │ne     │"
"│      │   j/Down            Scroll down                               │nthly  │"
"│      │   k/Up              Scroll up                                 │       │"
"│      │   PgDn              Page down                                 │ne     │"
"│      │   PgUp              Page up                                   │ne     │"
"│      │   g                 Top                                       │ne     │"
"│      │   G                 Bottom                                    │nced   │"
"│      │   Esc/?/q           Close                                     ┃       │"
"│      │                                                               ┃ne     │"
"╰──────│ Scripts and agents: use the `ms-todo` commands.               ┃───────╯"
" ● daem╰─────────────────────────────────────────────────────── ↑ more ╯        "
" j Scroll down  k Scroll up  PgDn Page down  PgUp Page up  Esc Close            "
