---
source: crates/tui/src/ui/tests.rs
expression: screen
---
" ms-todo 9.9.9 · Tasks                                                                               ● synced "
"╭ Lists ───────────────╮╭ Tasks ───────────────────────────────────────────╮╭ Detail ────────────────────────╮"
"│☼ My Day              ││                                                  ││                                │"
"│» Next               ╭ Add task → Tasks ──────────────────────────────────────────────╮                     │"
"│★ Important          │ > mow the lawn█                                                │                     │"
"│▦ Planned            │ → Tasks                                                        │                     │"
"│∞ All                │ → Home? (Ctrl-l to accept)                                     │                     │"
"│◔ Assigned           │                                                                │                     │"
"│⧖ Upcoming           │ Enter add · Tab complete · Ctrl-r literal · Esc cancel         │                     │"
"│… Someday            ╰────────────────────────────────────────────────────────────────╯                     │"
"│✓ Completed          1││                                                  ││                                │"
"│≡ Tasks               ││                                                  ││                                │"
"│≡ Home               3││                                                  ││                                │"
"╰──────────────────────╯╰──────────────────────────────────────────────────╯╰────────────────────────────────╯"
" ● daemon  ·  synced 12s ago  ·  all changes sent                                                             "
" Enter Add  Tab Complete  Ctrl-r Literal  Esc Cancel                                                          "
