---
source: crates/tui/src/ui/tests.rs
expression: "help_after(80, 24, &[])"
---
" ms-todo 9.9.9 · Home                                                  ● synced "
"╭ Lists╭ ms-todo 9.9.9 · Keys ─────────────────────────────────────────╮───────╮"
"│☼ My D│ Navigation                                                    ┃y rent │"
"│★ Impo│   j/Down            Down                                      ┃       │"
"│▦ Plan│   k/Up              Up                                        ┃en     │"
"│∞ All │   g                 Top                                       ┃me     │"
"│◔ Assi│   G                 Bottom                                    │u 1 Oct│"
"│✓ Comp│   h                 Left pane                                 │       │"
"│≡ Task│   l                 Right pane                                │ne     │"
"│≡ Home│   Enter/Space       Open or fold                              │gh     │"
"│      │   Tab               Next pane                                 │ne     │"
"│      │   ?                 Help                                      │nthly  │"
"│      │   q/Ctrl-c          Quit                                      │       │"
"│      │                                                               │ne     │"
"│      │ Tasks                                                         │ne     │"
"│      │   a                 Add                                       │ne     │"
"│      │   x                 Done                                      │nced   │"
"│      │   e                 Edit                                      │       │"
"│      │   d                 Delete                                    │ne     │"
"│      │   S                 Set due date…                             │       │"
"│      │   R                 Reschedule overdue to…                    │       │"
"╰──────│   m                 Move to list…                             │───────╯"
" ● daem╰─────────────────────────────────────────────────────── ↓ more ╯        "
" j Scroll down  k Scroll up  PgDn Page down  PgUp Page up  Esc Close            "
