---
source: crates/tui/src/ui/tests.rs
expression: shown
---
" ms-todo 9.9.9 · Home                                                                                ● synced "
"╭ Lists ───────────────╮╭ Home ────────────────────────────────────────────╮╭ Detail ────────────────────────╮"
"│★ Important          1││○ Pay rent                         Oct 1 ★ ↻      ││Title      Pay rent             │"
"│▦ Planned            2││○ Call Sam                                      ◌ ││                                │"
"│∞ All                3││○ Water plants                                  ✗ ││Status     open                 │"
"│✓ Completed          1││✓ Ship blueprint                                  ││List       Home                 │"
"│▾ Areas              5││                                                  ││Due        Thu 1 Oct 2026       │"
"│  ≡ Home             3││                                                  ││Reminder   none                 │"
"│  ≡ Finances         2││                                                  ││Importance high                 │"
"│▸ Projects           4││                                                  ││Repeats    monthly on day 1     │"
"│≡ Tasks               ││                                                  ││Sync       synced               │"
"│                      ││                                                  ││                                │"
"│                      ││                                                  ││Notes      none                 │"
"╰──────────────────────╯╰──────────────────────────────────────────────────╯╰────────────────────────────────╯"
" ● daemon  ·  synced 12s ago  ·  all changes sent                                                             "
" Enter Open or fold  a Add  u Undo  / Filter  : Palette  r Sync  ? Help  q Quit                               "
" ms-todo 9.9.9 · Home                                                                                ● synced "
"╭ Lists ───────────────╮╭ Home ────────────────────────────────────────────╮╭ Detail ────────────────────────╮"
"│★ Important          1││○ Pay rent                         Oct 1 ★ ↻      ││Title      Pay rent             │"
"│▦ Planned            2││○ Call Sam                                      ◌ ││                                │"
"│∞ All                3││○ Water plants                                  ✗ ││Status     open                 │"
"│✓ Completed          1││✓ Ship blueprint                                  ││List       Home                 │"
"│▾ Areas              5││                                                  ││Due        Thu 1 Oct 2026       │"
"│  ≡ Home             3││                                                  ││Reminder   none                 │"
"│  ≡ Finances         2││                                                  ││Importance high                 │"
"│▸ Projects           4││                                                  ││Repeats    monthly on day 1     │"
"│≡ Tasks               ││                                                  ││Sync       synced               │"
"│                      ││                                                  ││                                │"
"│                      ││                                                  ││Notes      none                 │"
"╰──────────────────────╯╰──────────────────────────────────────────────────╯╰────────────────────────────────╯"
" ● daemon  ·  synced 12s ago  ·  all changes sent                                                             "
" Move Home to folder: Ar█  Areas  Enter Move  Tab Complete  Esc Cancel  Enter on empty: no folder             "
