---
source: crates/tui/src/ui/tests.rs
expression: "help_after(140, 40, &[])"
---
" ms-todo 9.9.9 · Home                                                                                                              ● synced "
"╭ Lists ───────╭ ms-todo 9.9.9 · Keys ─────────────────────────────────────────────────────────────────────────────────────╮───────────────╮"
"│☼ My Day      │ Navigation                                       Prompts and editing (continued)                          ┃               │"
"│» Next        │   j/Down            Down                          Picking a field (e)                                     ┃               │"
"│★ Important   │   k/Up              Up                             t            Edit title                                ┃               │"
"│▦ Planned     │   g                 Top                            d            Edit due date                             ┃               │"
"│∞ All         │   G                 Bottom                         r            Edit reminder                             ┃               │"
"│◔ Assigned    │   PgDn              Page down                      i            Set importance                            ┃               │"
"│⧖ Upcoming    │   PgUp              Page up                        a            Edit assignee                             ┃               │"
"│… Someday     │   h                 Left pane                      f            Edit defer (or someday)                   ┃               │"
"│✓ Completed   │   l                 Right pane                     n            Edit notes                                ┃               │"
"│≡ Tasks       │   Enter/Space       Open or fold                   I            Cycle importance                          ┃               │"
"│≡ Home        │   Tab               Next pane                      Esc/Ctrl-c   Cancel                                    ┃               │"
"│              │   ?                 Help                          Importance                                              ┃               │"
"│              │   q/Ctrl-c          Quit                           1/h          High                                      ┃               │"
"│              │                                                    2/3/n        Normal                                    ┃               │"
"│              │ Tasks                                              4/l          Low                                       ┃               │"
"│              │   a                 Add                            Esc/Ctrl-c   Cancel                                    ┃               │"
"│              │   x                 Done                          Confirming a delete                                     ┃               │"
"│              │   e                 Edit                           y            Delete                                    ┃               │"
"│              │   d                 Delete                         n/Esc        Keep                                      ┃               │"
"│              │   S                 Set due date…                 Typing, in any prompt                                   ┃               │"
"│              │   R                 Reschedule overdue to…         Left/Right   Move (Home/End, Ctrl-a/e: line start/end) ┃               │"
"│              │   m                 Move to list…                  Alt-b/Alt-f  Word back/forward (also Ctrl-Left/Right)  │               │"
"│              │   v                 Select                         Ctrl-w/u/k   Delete word back, to line start, to end   │               │"
"│              │   V                 Select all                                                                            │               │"
"│              │   u                 Undo                         Views and palette                                        │               │"
"│              │   /                 Filter                         :            Palette                                   │               │"
"│              │   Esc               Clear selection or filter      D            Diagnostics                               │               │"
"│              │   r                 Sync                          Undoing a recurring task                                │               │"
"│              │   M                 Move list to folder…           Enter        Delete this copy                          │               │"
"│              │   o                 Open link                      Esc          Cancel                                    │               │"
"│              │   y                 Copy link                     Links                                                   │               │"
"│              │   t                 My Day                         Enter/o      Open                                      │               │"
"│              │   A                 Attach a file…                 y            Copy                                      │               │"
"│              │   W                 Assign to…                     Esc/Ctrl-c   Cancel                                    │               │"
"│              │   z                 Show or hide deferred         Theme picker                                            │               │"
"╰──────────────│                                                    Enter        Keep                                      │───────────────╯"
" ● daemon  ·  s╰─────────────────────────────────────────────────────────────────────────────────────────────────── ↓ more ╯                "
" j Scroll down  k Scroll up  PgDn Page down  PgUp Page up  Esc Close                                                                        "
