---
source: crates/tui/src/ui/tests.rs
expression: render(&app)
---
" ms-todo 9.9.9 · Completed                                                                           ● synced "
"╭ Lists ───────────────╮╭ Completed ────────────────────────────────── 3/4 ╮╭ Detail ────────────────────────╮"
"│☼ My Day              ││  Not synced yet                                  ││Title      Call Sam             │"
"│» Next                ││✓ Just now                                      ◌ ││                                │"
"│★ Important          1││  Today                                           ││Status     completed            │"
"│▦ Planned            2││✓ Ship blueprint                                  ││List       Home                 │"
"│∞ All                3││  Yesterday                                       ││Due        none                 │"
"│◔ Assigned            ││✓ Call Sam                                        ││Start      none                 │"
"│⧖ Upcoming            ││  Mon 21 Sep                                      ││Reminder   none                 │"
"│… Someday             ││✓ Pay rent                                        ││Importance normal               │"
"│✓ Completed          1││                                                  ││Assignee   none                 │"
"│≡ Tasks               ││                                                  ││Defer      none                 │"
"│≡ Home               3││                                                  ││Repeat     none                 │"
"╰──────────────────────╯╰──────────────────────────────────────────────────╯╰────────────────────────────────╯"
" ● daemon  ·  synced 12s ago  ·  all changes sent                                                             "
" a Add  x Done  e Edit  d Delete  v Select  u Undo  / Filter  : Palette  r Sync  ? Help  q Quit  o Open link  "
