---
source: crates/tui/src/ui/tests.rs
expression: "format!(\"{}\\n{levels}\", last(&picker))"
---
" edit: [t]itle [d]ue [r]eminder [i]mportance [a]ssignee [f] defer [n]otes  I Cycle importance  Esc Cancel     "
" ms-todo 9.9.9 · Home                                                                                ● synced "
"╭ Lists ───────────────╮╭ Home ────────────────────────────────────────────╮╭ Detail ────────────────────────╮"
"│☼ My Day              ││○ Pay rent                         Oct 1 ★ ↻      ││Title      Pay rent             │"
"│» Next                ││○ Call Sam                                      ◌ ││                                │"
"│★ Important          1││○ Water plants                                  ✗ ││Status     open                 │"
"│▦ Planned            2││✓ Ship blueprint                                  ││List       Home                 │"
"│∞ All                3││                                                  ││Due        Thu 1 Oct 2026       │"
"│◔ Assigned            ││                                                  ││Reminder   none                 │"
"│⧖ Upcoming            ││                                                  ││Importance high                 │"
"│… Someday             ││                                                  ││Assignee   none                 │"
"│✓ Completed          1││                                                  ││Defer      none                 │"
"│≡ Tasks               ││                                                  ││Repeats    monthly on day 1     │"
"│≡ Home               3││                                                  ││Steps      none                 │"
"╰──────────────────────╯╰──────────────────────────────────────────────────╯╰────────────────────────────────╯"
" ● daemon  ·  synced 12s ago  ·  all changes sent                                                             "
" importance:  1/h High  2/3/n Normal  4/l Low  Esc Cancel                                                     "
