---
source: crates/tui/src/ui/tests.rs
expression: render(&app)
---
" ms-todo 9.9.9 · Home                                                                                ● synced "
"╭ Lists ───────────────╮╭ Home ────────────────────────────────────────────╮╭ Detail ────────────────────────╮"
"│★ Important          1││○ Pay rent                         Oct 1 ★ ↻      ││Title      Water plants         │"
"│▦ Planned            2││○ Call Sam                                      ◌ ││                                │"
"│∞ All                3││○ Water plants                                  ✗ ││Status     open                 │"
"│✓ Completed          1││✓ Ship blueprint                                  ││List       Home                 │"
"│≡ Tasks               ││                                                  ││Due        none                 │"
"│≡ Home               3││                                                  ││Reminder   none                 │"
"│                      ││                                                  ││Importance normal               │"
"│                      ││                                                  ││Sync       ✗ failed: Microsoft  │"
"│                      ││                                                  ││To Do rejected a change         │"
"│                      ││                                                  ││           the title is too long│"
"│                      ││                                                  ││                                │"
"╰──────────────────────╯╰──────────────────────────────────────────────────╯╰────────────────────────────────╯"
" Microsoft To Do rejected a change, which was undone here: the title is too long                              "
" a Add  x Done  e Edit  d Delete  v Select  u Undo  / Filter  : Palette  r Sync  ? Help  q Quit  o Open link  "
