---
source: crates/tui/src/ui/tests.rs
expression: "format!(\"{unicode}\\n{}\", render(&app))"
---
" ms-todo 9.9.9 · Home                                                                                ● synced "
"╭ Lists ───────────────╮╭ Home ─────────────────────────────────────── 1/4 ╮╭ Detail ────────────────────────╮"
"│☼ My Day              ││○ Pay rent                         Oct 1 ★ ↻ ◷    ││Title      Pay rent             │"
"│★ Important          1││○ Update the budget                Oct 1 ★ ↻      ││                                │"
"│▦ Planned            2││○ Water plants                     Oct 1   ↻      ││Status     open                 │"
"│∞ All                3││○ Call Sam                                   ◷    ││List       Home                 │"
"│◔ Assigned            ││                                                  ││Due        Thu 1 Oct 2026       │"
"│✓ Completed          1││                                                  ││Reminder   Wed 30 Sep 2026 09:00│"
"│≡ Tasks               ││                                                  ││Importance high                 │"
"│≡ Home               3││                                                  ││Assignee   none                 │"
"│                      ││                                                  ││Repeats    monthly on day 1     │"
"│                      ││                                                  ││Steps      none                 │"
"│                      ││                                                  ││Link       none                 │"
"╰──────────────────────╯╰──────────────────────────────────────────────────╯╰────────────────────────────────╯"
" ● daemon  ·  synced 12s ago  ·  all changes sent                                                             "
" a Add  x Done  e Edit  d Delete  v Select  u Undo  / Filter  : Palette  r Sync  ? Help  q Quit  o Open link  "

" ms-todo 9.9.9 · Home                                                                                + synced "
"╭ Lists ───────────────╮╭ Home ─────────────────────────────────────── 1/4 ╮╭ Detail ────────────────────────╮"
"│o My Day              ││[ ] Pay rent                       Oct 1 ! R @    ││Title      Pay rent             │"
"│! Important          1││[ ] Update the budget              Oct 1 ! R      ││                                │"
"│# Planned            2││[ ] Water plants                   Oct 1   R      ││Status     open                 │"
"│* All                3││[ ] Call Sam                                 @    ││List       Home                 │"
"│w Assigned            ││                                                  ││Due        Thu 1 Oct 2026       │"
"│x Completed          1││                                                  ││Reminder   Wed 30 Sep 2026 09:00│"
"│- Tasks               ││                                                  ││Importance high                 │"
"│- Home               3││                                                  ││Assignee   none                 │"
"│                      ││                                                  ││Repeats    monthly on day 1     │"
"│                      ││                                                  ││Steps      none                 │"
"│                      ││                                                  ││Link       none                 │"
"╰──────────────────────╯╰──────────────────────────────────────────────────╯╰────────────────────────────────╯"
" + daemon  ·  synced 12s ago  ·  all changes sent                                                             "
" a Add  x Done  e Edit  d Delete  v Select  u Undo  / Filter  : Palette  r Sync  ? Help  q Quit  o Open link  "
