---
source: crates/tui/src/ui/tests.rs
expression: terminal.backend().to_string()
---
" ms-todo 9.9.9 · Home    ╭ ms-todo 9.9.9 · Keys ────────────────────────────────────╮                ● synced "
"╭ Lists ───────────────╮╭│ j/Down       Down                                        │────────────────────────╮"
"│★ Important          1│││ k/Up         Up                                          │   Pay rent             │"
"│▦ Planned            2│││ g            Top                                         │                        │"
"│∞ All                3│││ G            Bottom                                      │   open                 │"
"│✓ Completed          1│││ h            Left pane                                   │   Home                 │"
"│≡ Tasks               │││ l            Right pane                                  │   Thu 1 Oct 2026       │"
"│≡ Home               3│││ Enter/Space  Open or fold                                │   none                 │"
"│                      │││ Tab          Next pane                                   │ce high                 │"
"│                      │││ a            Add                                         │   monthly on day 1     │"
"│                      │││ x            Done                                        │   synced               │"
"│                      │││ e            Edit                                        │                        │"
"│                      │││ Enter        Edit this field                             │   none                 │"
"│                      │││ d            Delete                                      │                        │"
"│                      │││ S            Set due date…                               │                        │"
"│                      │││ R            Reschedule overdue to…                      │                        │"
"│                      │││ v            Select                                      │                        │"
"│                      │││ V            Select all                                  │                        │"
"│                      │││ u            Undo                                        │                        │"
"│                      │││ /            Filter                                      │                        │"
"│                      │││ Esc          Clear selection or filter                   │                        │"
"│                      │││ :            Palette                                     │                        │"
"│                      │││ r            Sync                                        │                        │"
"│                      │││ D            Diagnostics                                 │                        │"
"│                      │││ M            Move list to folder…                        │                        │"
"│                      │││ ?            Help                                        │                        │"
"│                      │││ q/Ctrl-c     Quit                                        │                        │"
"│                      │││ o            Open link                                   │                        │"
"│                      │││ y            Copy link                                   │                        │"
"│                      │││                                                          │                        │"
"│                      │││ Typing, in any prompt:                                   │                        │"
"╰──────────────────────╯╰│ Left/Right   Move (Home/End, Ctrl-a/e: line start/end)   │────────────────────────╯"
" ● daemon  ·  synced 12s │ Alt-b/Alt-f  Word back/forward (also Ctrl-Left/Right)    │                         "
" Esc Close               ╰──────────────────────────────────────────────────────────╯                         "
