---
source: crates/tui/src/ui/tests.rs
expression: terminal.backend().to_string()
---
" ms-todo 9.9.9 · Home                                                                                ● synced "
"╭ Lists ───────────────╮╭ Home ────────────────────────────────────────────╮╭ Detail ────────────────────────╮"
"│★ Important          1││○ Pay rent                          Oct 1 ★↻      ││Title      Pay rent             │"
"│▦ Planned            2││○ Call Sam                                      ◌ ││                                │"
"│∞ All                3││╭ ms-todo 9.9.9 · Keys ────────────────────────────────────╮   open                 │"
"│✓ Completed          1│││ j/Down    Down                                           │   Home                 │"
"│≡ Tasks               │││ k/Up      Up                                             │   Thu 1 Oct 2026       │"
"│≡ Home               3│││ g         Top                                            │   none                 │"
"│                      │││ G         Bottom                                         │ce high                 │"
"│                      │││ h         Left pane                                      │   monthly on day 1     │"
"│                      │││ l         Right pane                                     │   synced               │"
"│                      │││ Enter     Open                                           │                        │"
"│                      │││ Tab       Next pane                                      │   none                 │"
"│                      │││ a         Add                                            │                        │"
"│                      │││ x         Done                                           │                        │"
"│                      │││ e/Enter   Edit                                           │                        │"
"│                      │││ d         Delete                                         │                        │"
"│                      │││ v         Select                                         │                        │"
"│                      │││ V         Select all                                     │                        │"
"│                      │││ u         Undo                                           │                        │"
"│                      │││ /         Filter                                         │                        │"
"│                      │││ Esc       Clear selection or filter                      │                        │"
"│                      │││ :         Palette                                        │                        │"
"│                      │││ r         Sync                                           │                        │"
"│                      │││ D         Diagnostics                                    │                        │"
"│                      │││ ?         Help                                           │                        │"
"│                      │││ q/Ctrl-c  Quit                                           │                        │"
"│                      │││                                                          │                        │"
"│                      │││ Scripts and agents: use the `ms-todo` commands.          │                        │"
"│                      ││╰──────────────────────────────────────────────────────────╯                        │"
"│                      ││                                                  ││                                │"
"╰──────────────────────╯╰──────────────────────────────────────────────────╯╰────────────────────────────────╯"
" ● daemon  ·  synced 12s ago  ·  all changes sent                                                             "
" Esc Close                                                                                                    "
