---
source: crates/tui/src/ui/tests.rs
expression: render(&app)
---
" ms-todo 9.9.9 · Home                                                                                ● synced "
"╭ Lists ───────────────╮╭ Home ────────────────────────────────────────────╮╭ Detail ────────────────────────╮"
"│★ Important          1││○ Pay r╭ Theme ─────────────────────────────────────╮itle      Pay rent             │"
"│▦ Planned            2││○ Call │terminal                                    │                               │"
"│∞ All                3││○ Water│catppuccin-mocha                            │tatus     open                 │"
"│✓ Completed          1││✓ Ship │catppuccin-latte                            │ist       Home                 │"
"│≡ Tasks               ││       │gruvbox-dark                                │ue        Thu 1 Oct 2026       │"
"│≡ Home               3││       │gruvbox-light                               │eminder   none                 │"
"│                      ││       │tokyo-night                                 │mportance high                 │"
"│                      ││       │nord                                        │epeats    monthly on day 1     │"
"│                      ││       │high-contrast                               │ync       synced               │"
"│                      ││       │                                            │                               │"
"│                      ││       │Enter keeps it in config.toml; Esc goes back│otes      none                 │"
"╰──────────────────────╯╰───────╰────────────────────────────────────────────╯───────────────────────────────╯"
" ● daemon  ·  synced 12s ago  ·  all changes sent                                                             "
" Enter Keep  Esc Revert                                                                                       "
