---
source: crates/tui/src/ui/tests.rs
expression: terminal.backend().to_string()
---
" ms-todo 9.9.9 · Home                  ● synced "
"╭ Lists ───────────────╮╭ Home ──────╮╭ Detail ╮"
"│☼ My Day              ││  t 1 ★ ↻   ││Title   │"
"│★ Important          1││          ◌ ││  Pay   │"
"│╭ Add task → Tasks ──────────────────────────╮│"
"││ > Pay rent every 1st #Tasks p1 9am @bills  ││"
"││ +myday█                                    ││"
"││ → Tasks · p1 · due Thu 1 Oct · every month ││"
"││ on the 1st · remind 09:00 · @bills · My    ││"
"││ Day                                        ││"
"││                                            ││"
"││ Enter add · Tab complete · Ctrl-r literal  ││"
"││ Esc cancel                                 ││"
"│╰────────────────────────────────────────────╯│"
"│                      ││            ││  none  │"
"│                      ││            ││Importan│"
"│                      ││            ││ce high │"
"╰──────────────────────╯╰────────────╯╰────────╯"
" ● daemon  ·  synced 12s ago  ·  all changes sen"
" Enter Add  Tab Complete  Ctrl-r Literal  Esc Ca"
