---
source: crates/tui/src/ui/tests.rs
expression: render(&app)
---
" ms-todo 9.9.9 · Planned                                                                             ● synced "
"╭ Lists ───────────────╮╭ Planned ─────────────────────────────────────────╮╭ Detail ────────────────────────╮"
"│★ Important          1││  Overdue                                         ││Title      Bins out             │"
"│▦ Planned            2││○ Renew passport                   Sun 20         ││                                │"
"│∞ All                3││  Today                                           ││Status     open                 │"
"│✓ Completed          1││○ Dentist                           Today         ││List       Home                 │"
"│≡ Tasks               ││  Tomorrow                                        ││Due        Fri 25 Sep 2026      │"
"│≡ Home               3││○ Bins out                       Tomorrow         ││(Tomorrow)                      │"
"│                      ││  This week                                       ││Reminder   none                 │"
"│                      ││○ Book train                       Sun 27         ││Importance normal               │"
"│                      ││  Later                                           ││Sync       synced               │"
"│                      ││○ Pay rent                          Oct 1         ││                                │"
"│                      ││                                                  ││Notes      none                 │"
"╰──────────────────────╯╰──────────────────────────────────────────────────╯╰────────────────────────────────╯"
" ● daemon  ·  synced 12s ago  ·  all changes sent                                                             "
" a Add  x Done  e Edit  d Delete  v Select  u Undo  / Filter  : Palette  r Sync  ? Help  q Quit  o Open link  "
