---
source: crates/tui/src/ui/tests.rs
expression: "format!(\"{checking}\\n{}\", terminal.backend())"
---
" ms-todo 9.9.9 · Home                                                                                ● synced "
"╭ Diagnostics (checking…) ───────────────────────────────────────────────────────────────────────────────────╮"
"│Signed in   checking…                                                                                       │"
"│Daemon      checking…                                                                                       │"
"│Database    checking…                                                                                       │"
"│                                                                                                            │"
"│                                                                                                            │"
"│                                                                                                            │"
"│                                                                                                            │"
"│                                                                                                            │"
"│                                                                                                            │"
"│                                                                                                            │"
"│                                                                                                            │"
"╰────────────────────────────────────────────────────────────────────────────────────────────────────────────╯"
" ● daemon  ·  synced 12s ago  ·  all changes sent                                                             "
" r Refresh  Esc Back                                                                                          "

" ms-todo 9.9.9 · Home                                                                                ● synced "
"╭ Diagnostics ───────────────────────────────────────────────────────────────────────────────────────────────╮"
"│Signed in   yes                                                                                             │"
"│Daemon      running: ms-todo 0.1.9, pid 4242, instance default, up 5m                                       │"
"│Database    /home/bk/.local/share/ms-todo/default/ms-todo.db (2.0 MiB)                                      │"
"│Sync        3 of 3 scopes ready, 3 on delta                                                                 │"
"│Outbox      1 pending, 0 sending, 1 unknown, 0 failed, 40 done                                              │"
"│Flagged     1 unknown for over a day                                                                        │"
"│            op-9 complete "Pay rent"                                                                        │"
"│                                                                                                            │"
"│Needs attention                                                                                             │"
"│ - 1 of 3 scopes failed their last sync                                                                     │"
"│ - 1 write(s) may or may not have reached Microsoft To Do (1 for over a day); don't resend them yourself:   │"
"│see `ms-todo outbox list --state unknown`                                                                   │"
"│                                                                                                            │"
"│ Scope                   State    Mode         Last synced   Changed                                        │"
"│ Lists                   ready    delta        12s ago       2                                              │"
"│ Home                    ready    delta        12s ago       2                                              │"
"│ Work                    ready    delta        12s ago       2                                              │"
"│   failed: the connection was reset (network)                                                               │"
"│                                                                                                            │"
"│                                                                                                            │"
"│                                                                                                            │"
"╰────────────────────────────────────────────────────────────────────────────────────────────────────────────╯"
" ● daemon  ·  synced 12s ago  ·  all changes sent                                                             "
" r Refresh  Esc Back                                                                                          "
