---
source: crates/tui/src/ui/tests.rs
expression: "help_after(80, 24, &[])"
---
" ms-todo 9.9.9 · Home                                                  ● synced "
"╭ Lists╭ ms-todo 9.9.9 · Keys ─────────────────────────────────────────╮───────╮"
"│☼ My D│ Navigation                                                    ┃y rent │"
"│» Next│   j/Down            Down                                      ┃       │"
"│★ Impo│   k/Up              Up                                        ┃en     │"
"│▦ Plan│   g                 Top                                       │me     │"
"│∞ All │   G                 Bottom                                    │u 1 Oct│"
"│◔ Assi│   PgDn              Page down                                 │       │"
"│⧖ Upco│   PgUp              Page up                                   │ne     │"
"│… Some│   h                 Left pane                                 │ne     │"
"│✓ Comp│   l                 Right pane                                │gh     │"
"│≡ Task│   Enter/Space       Open or fold                              │ne     │"
"│≡ Home│   Tab               Next pane                                 │ne     │"
"│      │   K/Alt-Up          Move up in the sidebar                    │nthly  │"
"│      │   J/Alt-Down        Move down in the sidebar                  │       │"
"│      │   ?                 Help                                      │ne     │"
"│      │   q/Ctrl-c          Quit                                      │ne     │"
"│      │                                                               │ne     │"
"│      │ Tasks                                                         │nced   │"
"│      │   a                 Add                                       │       │"
"│      │   x                 Done                                      │ne     │"
"╰──────│   e                 Edit                                      │───────╯"
" ● daem╰─────────────────────────────────────────────────────── ↓ more ╯        "
" j Scroll down  k Scroll up  PgDn Page down  PgUp Page up  Esc Close            "
