---
source: crates/tui/src/ui/tests.rs
expression: "format!(\"{browsing}\\n{}\", terminal.backend())"
---
" ms-todo 9.9.9 · Home                                                                                ● synced "
"╭ Lists ───────────────╮╭ Home ────────────────────────────────────────────╮╭ Detail ────────────────────────╮"
"│☼ My Day              ││○ File taxes  ⎘                                   ││Title      File taxes           │"
"│★ Important          1││                                                  ││                                │"
"│▦ Planned            2││                                                  ││Status     open                 │"
"│∞ All                3││                                                  ││List       Home                 │"
"│◔ Assigned            ││                                                  ││Due        none                 │"
"│✓ Completed          1││                                                  ││Reminder   none                 │"
"│≡ Tasks               ││                                                  ││Importance normal               │"
"│≡ Home               3││                                                  ││Assignee   none                 │"
"│                      ││                                                  ││Steps      none                 │"
"│                      ││                                                  ││Link       none                 │"
"│                      ││                                                  ││Files      3 files              │"
"│                      ││                                                  ││           ⎘ return.pdf  47 KB  │"
"│                      ││                                                  ││           ⎘ scan.tiff  9.0 MB  │"
"│                      ││                                                  ││           ◌ receipt.jpg  900 B │"
"│                      ││                                                  ││Sync       synced               │"
"╰──────────────────────╯╰──────────────────────────────────────────────────╯╰────────────────────────────────╯"
" ● daemon  ·  synced 12s ago  ·  all changes sent                                                             "
" a Add  x Done  e Edit field  Space Check step  d Delete  v Select  u Undo  / Filter  : Palette  r Sync  ? Hel"

" ms-todo 9.9.9 · Home                                                                                ● synced "
"╭ Lists ───────────────╮╭ Home ────────────────────────────────────────────╮╭ Detail ────────────────────────╮"
"│☼ My Day              ││○ File taxes  ⎘                                   ││Title      File taxes           │"
"│★ Important          1││                                                  ││                                │"
"│▦ Planned            2││                                                  ││Status     open                 │"
"│∞ All                3││                                                  ││List       Home                 │"
"│◔ Assigned            ││                                                  ││Due        none                 │"
"│✓ Completed          1││                                                  ││Reminder   none                 │"
"│≡ Tasks               ││                                                  ││Importance normal               │"
"│≡ Home               3││                                                  ││Assignee   none                 │"
"│                      ││                                                  ││Steps      none                 │"
"│                      ││                                                  ││Link       none                 │"
"│                      ││                                                  ││Files      3 files              │"
"│                      ││                                                  ││           ⎘ return.pdf  47 KB  │"
"│                      ││                                                  ││           ⎘ scan.tiff  9.0 MB  │"
"│                      ││                                                  ││           ◌ receipt.jpg  900 B │"
"│                      ││                                                  ││           Path ~/invoice.pdf█  │"
"╰──────────────────────╯╰──────────────────────────────────────────────────╯╰────────────────────────────────╯"
" ● daemon  ·  synced 12s ago  ·  all changes sent                                                             "
" Attach the file at:  Enter Done  Esc Cancel  ←/→ Move                                                        "
