---
source: crates/tui/src/ui/tests.rs
expression: render(&app)
---
" ms-todo 9.9.9 · Tasks                                                                              ◌ syncing "
"╭ Lists ───────────────╮╭ Tasks ───────────────────────────────────────────╮╭ Detail ────────────────────────╮"
"│★ Important           ││                                                  ││                                │"
"│▦ Planned             ││                                                  ││                                │"
"│∞ All                 ││                                                  ││                                │"
"│✓ Completed           ││                                                  ││                                │"
"│                      ││                                                  ││                                │"
"│                      ││                     Syncing…                     ││                                │"
"│                      ││                                                  ││                                │"
"│                      ││                                                  ││                                │"
"│                      ││                                                  ││                                │"
"│                      ││                                                  ││                                │"
"│                      ││                                                  ││                                │"
"╰──────────────────────╯╰──────────────────────────────────────────────────╯╰────────────────────────────────╯"
" ● daemon  ·  syncing…  ·  all changes sent                                                                   "
" a Add  x Done  e Edit  d Delete  v Select  u Undo  / Filter  : Palette  r Sync  ? Help  q Quit  o Open link  "
