---
source: crates/tui/src/ui/tests.rs
expression: terminal.backend().to_string()
---
" ms-todo 9.9.9 · Home    ╭ ms-todo 9.9.9 · Keys ────────────────────────────────────╮                ● synced "
"╭ Lists ───────────────╮╭│ j/Down       Down                                        │────────────────────────╮"
"│☼ My Day              │││ k/Up         Up                                          │   Pay rent             │"
"│★ Important          1│││ g            Top                                         │                        │"
"│▦ Planned            2│││ G            Bottom                                      │   open                 │"
"│∞ All                3│││ h            Left pane                                   │   Home                 │"
"│✓ Completed          1│││ l            Right pane                                  │   Thu 1 Oct 2026       │"
"│≡ Tasks               │││ Enter/Space  Open or fold                                │   none                 │"
"│≡ Home               3│││ Tab          Next pane                                   │ce high                 │"
"│                      │││ a            Add                                         │   monthly on day 1     │"
"│                      │││ x            Done                                        │   none                 │"
"│                      │││ e            Edit                                        │   none                 │"
"│                      │││ e            Edit field                                  │   none                 │"
"│                      │││ Enter        Edit this field                             │   synced               │"
"│                      │││ Space        Check step                                  │                        │"
"│                      │││ d            Delete                                      │   none                 │"
"│                      │││ S            Set due date…                               │                        │"
"│                      │││ R            Reschedule overdue to…                      │                        │"
"│                      │││ m            Move to list…                               │                        │"
"│                      │││ v            Select                                      │                        │"
"│                      │││ V            Select all                                  │                        │"
"│                      │││ u            Undo                                        │                        │"
"│                      │││ /            Filter                                      │                        │"
"│                      │││ Esc          Clear selection or filter                   │                        │"
"│                      │││ :            Palette                                     │                        │"
"│                      │││ r            Sync                                        │                        │"
"│                      │││ D            Diagnostics                                 │                        │"
"│                      │││ M            Move list to folder…                        │                        │"
"│                      │││ ?            Help                                        │                        │"
"│                      │││ q/Ctrl-c     Quit                                        │                        │"
"│                      │││ o            Open link                                   │                        │"
"╰──────────────────────╯╰│ y            Copy link                                   │────────────────────────╯"
" ● daemon  ·  synced 12s │ t            My Day                                      │                         "
" Esc Close               ╰──────────────────────────────────────────────────────────╯                         "
