---
source: crates/tui/src/ui/tests.rs
expression: render(&app)
---
" ms-todo 9.9.9 · Home                                                                                ● synced "
"╭ Lists ───────────────╮╭ Home ────────────────────────────────────────────╮╭ Detail ────────────────────────╮"
"│★ Important          1││○ Pay rent                         Oct 1 ★ ↻      ││Title      Pay rent             │"
"│▦ Planned            2││○ Call Sam                                      ◌ ││                                │"
"│∞ All           ╭ Links ───────────────────────────────────────────────────────────────────╮                │"
"│✓ Completed     │The email  https://mail.example.com/1                                     │                │"
"│≡ Tasks         │javascript:alert(1)  javascript:alert(1)  (won't open)                    │ Oct 2026       │"
"│≡ Home          │docs  https://docs.example.com                                            │                │"
"│                │                                                                          │                │"
"│                │Linked resources first, then the notes                                    │ly on day 1     │"
"│                ╰──────────────────────────────────────────────────────────────────────────╯d               │"
"│                      ││                                                  ││                                │"
"│                      ││                                                  ││Notes      none                 │"
"╰──────────────────────╯╰──────────────────────────────────────────────────╯╰────────────────────────────────╯"
" ● daemon  ·  synced 12s ago  ·  all changes sent                                                             "
" Enter Open  y Copy  Esc Cancel                                                                               "
