---
source: crates/tui/src/ui/tests.rs
expression: screen
---
" ms-todo 9.9.9 · Tasks                                                                               ● synced "
"╭ Lists ───────────────╮╭ Tasks ───────────────────────────────────────────╮╭ Detail ────────────────────────╮"
"│★ Important          1││                                                  ││                                │"
"│▦ Planned            ╭ Add task → Tasks ──────────────────────────────────────────────╮                     │"
"│∞ All                │ > mow the lawn█                                                │                     │"
"│✓ Completed          │ → Tasks                                                        │                     │"
"│≡ Tasks              │ → Home? (Ctrl-l to accept)                                     │                     │"
"│≡ Home               │                                                                │                     │"
"│                     │ Enter add · Tab complete · Ctrl-r literal · Esc cancel         │                     │"
"│                     ╰────────────────────────────────────────────────────────────────╯                     │"
"│                      ││                                                  ││                                │"
"│                      ││                                                  ││                                │"
"│                      ││                                                  ││                                │"
"╰──────────────────────╯╰──────────────────────────────────────────────────╯╰────────────────────────────────╯"
" ● daemon  ·  synced 12s ago  ·  all changes sent                                                             "
" Enter Add  Tab Complete  Ctrl-r Literal  Esc Cancel                                                          "
