---
source: tests/cli_help.rs
expression: help_output(args)
---
Send a write again: an unknown one (it may then happen twice) or a failed one

Usage: ms-todo outbox retry [OPTIONS] <OP>

Arguments:
  <OP>  The write's op_id from `outbox list`

Options:
      --format <FORMAT>  Output format: jsonl is one object per line, ids one ID per line, csv has a header row [default: table in a terminal, json when piped] [possible values: table, json, jsonl, ids, csv]
      --instance <NAME>  Use a separate copy of ms-todo's data (also MS_TODO_INSTANCE). Builds run from Cargo's target/ directory default to "dev"; "default" is the installed copy
  -h, --help             Print help
  -V, --version          Print version
