---
source: tests/cli_help.rs
expression: help_output(args)
---
Tasks in a list

Usage: ms-todo tasks [OPTIONS] <COMMAND>

Commands:
  list      Every task in a list, completed ones included
  add       Add a task. The text is its title, exactly as given
  complete  Mark tasks completed. A recurring task moves on to its next due date
  reopen    Mark completed tasks as not started again
  edit      Change a task's title, due date, importance, reminder or notes; or the due date, importance or reminder of several tasks at once
  delete    Delete tasks. Asks first in a terminal; anywhere else it needs --yes
  help      Print this message or the help of the given subcommand(s)

Options:
      --format <FORMAT>  Output format: jsonl is one object per line, ids one ID per line, csv has a header row [default: table in a terminal, json when piped] [possible values: table, json, jsonl, ids, csv]
      --instance <NAME>  Use a separate copy of ms-todo's data (also MS_TODO_INSTANCE). Builds run from Cargo's target/ directory default to "dev"; "default" is the installed copy
  -h, --help             Print help
  -V, --version          Print version
