---
source: tests/cli_help.rs
expression: help_output(args)
---
Attach files to the task, up to 25 MB each. The daemon reads each file when it sends it, and refuses one that changed after this command

Usage: ms-todo attachments add [OPTIONS] <TASK> <FILE>...

Arguments:
  <TASK>     The task's ID from `tasks list`, or its exact title when --list is given
  <FILE>...  The files; several attach several, in order

Options:
      --format <FORMAT>        Output format: jsonl is one object per line, ids one ID per line, csv has a header row [default: table in a terminal, json when piped] [possible values: table, json, jsonl, ids, csv]
      --list <NAME|ID>         Look for the task in this list (exact name or ID), which also lets TASK be an exact title
      --dry-run                Show what would change without changing anything
      --instance <NAME>        Use a separate copy of ms-todo's data (also MS_TODO_INSTANCE). Builds run from Cargo's target/ directory default to "dev"; "default" is the installed copy
      --idempotency-key <KEY>  Run this change at most once: repeating the command with the same key returns the first result for 24 hours, and the same key with a different change exits 2
  -h, --help                   Print help
  -V, --version                Print version
