---
source: tests/cli_help.rs
expression: help_output(args)
---
Open tasks that could go in today's My Day: due today, overdue, and those left from an earlier My Day

Usage: ms-todo myday suggest [OPTIONS]

Options:
      --format <FORMAT>  Output format: jsonl is one object per line, ids one ID per line, csv has a header row [default: table in a terminal, json when piped] [possible values: table, json, jsonl, ids, csv]
      --instance <NAME>  Use a separate copy of ms-todo's data (also MS_TODO_INSTANCE). Builds run from Cargo's target/ directory default to "dev"; "default" is the installed copy
  -h, --help             Print help
  -V, --version          Print version
