---
source: tests/cli_help.rs
expression: help_output(args)
---
Give the task a link. It's refused when the task has one already: Microsoft To Do allows one per task

Usage: ms-todo links add [OPTIONS] <TASK> <URL>

Arguments:
  <TASK>  The task's ID from `tasks list`, or its exact title when --list is given
  <URL>   The link's URL. Any scheme is kept, but only http, https and mailto open from ms-todo

Options:
      --format <FORMAT>        Output format: jsonl is one object per line, ids one ID per line, csv has a header row [default: table in a terminal, json when piped] [possible values: table, json, jsonl, ids, csv]
      --list <NAME|ID>         Look for the task in this list (exact name or ID), which also lets TASK be an exact title
      --instance <NAME>        Use a separate copy of ms-todo's data (also MS_TODO_INSTANCE). Builds run from Cargo's target/ directory default to "dev"; "default" is the installed copy
      --name <NAME>            What the link is called (its display name)
      --app <APP>              The app it belongs to (Microsoft To Do requires one) [default on add: ms-todo]
      --external-id <ID>       The item's ID in that app
      --dry-run                Show what would change without changing anything
      --idempotency-key <KEY>  Run this change at most once: repeating the command with the same key returns the first result for 24 hours, and the same key with a different change exits 2
  -h, --help                   Print help
  -V, --version                Print version
