---
source: tests/cli_help.rs
expression: help_output(args)
---
Every queued write, newest first, with its state: pending, inflight, unknown (don't resend it yourself), failed or done

Usage: ms-todo outbox list [OPTIONS]

Options:
      --format <FORMAT>  Output format: jsonl is one object per line, ids one ID per line, csv has a header row [default: table in a terminal, json when piped] [possible values: table, json, jsonl, ids, csv]
      --state <STATE>    Only writes in this state [possible values: pending, inflight, unknown, failed, done]
      --instance <NAME>  Use a separate copy of ms-todo's data (also MS_TODO_INSTANCE). Builds run from Cargo's target/ directory default to "dev"; "default" is the installed copy
  -h, --help             Print help
  -V, --version          Print version
