---
source: tests/cli_help.rs
expression: help_output(args)
---
Delete an open extension. Asks first in a terminal; anywhere else it needs --yes

Usage: ms-todo extensions delete [OPTIONS] <KIND> <ID> <NAME>

Arguments:
  <KIND>  [possible values: list, task]
  <ID>    The list's exact name or ID; the task's ID, or its exact title with --list
  <NAME>  The extension's name

Options:
      --format <FORMAT>        Output format: jsonl is one object per line, ids one ID per line, csv has a header row [default: table in a terminal, json when piped] [possible values: table, json, jsonl, ids, csv]
      --list <NAME|ID>         For a task: look for it in this list (exact name or ID)
      --instance <NAME>        Use a separate copy of ms-todo's data (also MS_TODO_INSTANCE). Builds run from Cargo's target/ directory default to "dev"; "default" is the installed copy
      --yes                    Delete without asking
      --dry-run                Show what would change without changing anything
      --fresh                  Before reading, sync and wait, so the answer is as fresh as Microsoft To Do's (a read is otherwise answered from the cache)
      --idempotency-key <KEY>  Run this change at most once: repeating the command with the same key returns the first result for 24 hours, and the same key with a different change exits 2
      --quiet                  Print nothing on stderr but errors: no notes and no progress
      --no-color               No colour or bold in tables (also NO_COLOR)
  -h, --help                   Print help
  -V, --version                Print version
