---
source: tests/cli_help.rs
expression: help_output(args)
---
Change a task's title, due date, importance, reminder or notes

Usage: ms-todo tasks edit [OPTIONS] <TASK>

Arguments:
  <TASK>  The task's ID from `tasks list`, or its exact title when --list is given

Options:
      --format <FORMAT>        Output format: jsonl is one object per line, ids one ID per line, csv has a header row [default: table in a terminal, json when piped] [possible values: table, json, jsonl, ids, csv]
      --list <NAME|ID>         Look for the task in this list (exact name or ID), which also lets TASK be an exact title
      --instance <NAME>        Use a separate copy of ms-todo's data (also MS_TODO_INSTANCE). Builds run from Cargo's target/ directory default to "dev"; "default" is the installed copy
      --title <TITLE>          New title, taken literally
      --due <WHEN>             New due date, in the forms --due takes on `tasks add`; empty or `-` removes it, as --clear-due does
      --clear-due              Remove the due date
      --importance <LEVEL>     New importance: 1 or p1 (high), 2, 3, p2 or p3 (normal), 4 or p4 (low), or high, normal or low
      --reminder <WHEN>        Remind me at this local time, in the forms --reminder takes on `tasks add`; empty or `-` turns it off
      --clear-reminder         Turn the reminder off
      --body <TEXT>            New notes, as plain text. They replace the old ones
      --dry-run                Show what would change without changing anything
      --idempotency-key <KEY>  Run this change at most once: repeating the command with the same key returns the first result for 24 hours, and the same key with a different change exits 2
  -h, --help                   Print help
  -V, --version                Print version
