---
source: tests/schema_cli.rs
expression: pretty
---
{
  "input": {
    "additionalProperties": false,
    "properties": {},
    "required": [],
    "type": "object"
  },
  "output": {
    "properties": {
      "daemon": {
        "properties": {
          "instance": {
            "type": "string"
          },
          "pid": {
            "type": [
              "integer",
              "null"
            ]
          },
          "problem": {
            "type": "string"
          },
          "protocol_version": {
            "type": [
              "integer",
              "null"
            ]
          },
          "ready": {
            "type": "boolean"
          },
          "running": {
            "type": "boolean"
          },
          "signed_in": {
            "type": [
              "boolean",
              "null"
            ]
          },
          "socket": {
            "type": "string"
          },
          "started_at": {
            "type": [
              "string",
              "null"
            ]
          },
          "version": {
            "type": [
              "string",
              "null"
            ]
          }
        },
        "required": [
          "running",
          "ready",
          "instance",
          "socket"
        ],
        "type": "object"
      },
      "database": {
        "properties": {
          "bytes": {
            "type": "integer"
          },
          "path": {
            "type": "string"
          }
        },
        "type": [
          "object",
          "null"
        ]
      },
      "last_error": {
        "description": "The most recent failure of any scope",
        "oneOf": [
          {
            "properties": {
              "at": {
                "type": [
                  "string",
                  "null"
                ]
              },
              "kind": {
                "type": "string"
              },
              "message": {
                "type": "string"
              },
              "scope": {
                "type": "string"
              }
            },
            "required": [
              "kind",
              "message"
            ],
            "type": "object"
          },
          {
            "type": "null"
          }
        ]
      },
      "my_day": {
        "description": "My Day (rung 7); null when the daemon didn't report",
        "properties": {
          "count": {
            "description": "Open tasks in it",
            "type": "integer"
          },
          "date": {
            "description": "My Day's day now",
            "format": "date",
            "type": "string"
          },
          "last_rollover": {
            "description": "The day the last rollover ran for",
            "type": [
              "string",
              "null"
            ]
          },
          "phone": {
            "description": "What the phone's own My Day depends on",
            "type": "string"
          },
          "rollover_time": {
            "description": "HH:MM, local: when a day's My Day ends",
            "type": "string"
          }
        },
        "type": [
          "object",
          "null"
        ]
      },
      "outbox": {
        "description": "How many writes are in each state; flagged are unknown for over 24 hours",
        "properties": {
          "done": {
            "type": "integer"
          },
          "failed": {
            "type": "integer"
          },
          "flagged": {
            "type": "integer"
          },
          "inflight": {
            "type": "integer"
          },
          "pending": {
            "type": "integer"
          },
          "unknown": {
            "type": "integer"
          }
        },
        "type": [
          "object",
          "null"
        ]
      },
      "problems": {
        "items": {
          "type": "string"
        },
        "type": "array"
      },
      "schema_version": {
        "const": 2
      },
      "scopes": {
        "items": {
          "properties": {
            "generation": {
              "type": "integer"
            },
            "in_progress": {
              "type": "boolean"
            },
            "last_changed_count": {
              "type": "integer"
            },
            "last_delta_at": {
              "description": "When a delta round of this scope last finished",
              "type": [
                "string",
                "null"
              ]
            },
            "last_error": {
              "oneOf": [
                {
                  "properties": {
                    "at": {
                      "type": [
                        "string",
                        "null"
                      ]
                    },
                    "kind": {
                      "type": "string"
                    },
                    "message": {
                      "type": "string"
                    }
                  },
                  "required": [
                    "kind",
                    "message"
                  ],
                  "type": "object"
                },
                {
                  "type": "null"
                }
              ]
            },
            "last_success_at": {
              "type": [
                "string",
                "null"
              ]
            },
            "list_id": {
              "type": [
                "string",
                "null"
              ]
            },
            "list_name": {
              "type": [
                "string",
                "null"
              ]
            },
            "mode": {
              "description": "delta once a pass saved a delta link: the next pass asks Graph only for changes. enumeration until then, or after Graph rejected the link: the next pass reads the whole scope. unknown: a newer daemon's mode this ms-todo doesn't know",
              "enum": [
                "enumeration",
                "delta",
                "unknown"
              ]
            },
            "scope": {
              "description": "lists, or tasks:<list graph_id>",
              "type": "string"
            },
            "state": {
              "enum": [
                "initial",
                "ready"
              ]
            }
          },
          "required": [
            "scope",
            "state",
            "generation",
            "in_progress",
            "mode"
          ],
          "type": "object"
        },
        "type": "array"
      },
      "sign_in": {
        "properties": {
          "expires_at": {
            "type": [
              "string",
              "null"
            ]
          },
          "signed_in": {
            "type": "boolean"
          },
          "token_path": {
            "type": "string"
          }
        },
        "required": [
          "signed_in",
          "token_path"
        ],
        "type": "object"
      },
      "suggest": {
        "description": "List suggestions (rung 6b); null when the daemon didn't report",
        "properties": {
          "enabled": {
            "type": "boolean"
          },
          "problem": {
            "description": "Why suggestions are off or failing",
            "type": [
              "string",
              "null"
            ]
          },
          "provider": {
            "description": "typesafe",
            "type": [
              "string",
              "null"
            ]
          },
          "sends": {
            "description": "What leaves this machine when enabled",
            "type": [
              "string",
              "null"
            ]
          }
        },
        "type": [
          "object",
          "null"
        ]
      },
      "syncing": {
        "type": [
          "boolean",
          "null"
        ]
      }
    },
    "required": [
      "schema_version",
      "sign_in",
      "daemon",
      "database",
      "scopes",
      "problems"
    ],
    "type": "object"
  }
}
